10/31/2025 08:05:29 AM INFO:com_train_dir set to: ./COM/train_results/
10/31/2025 08:05:29 AM INFO:com_predict_dir set to: ./COM/predict_results/
10/31/2025 08:05:29 AM INFO:com_file set to: ./COM/predict_results/com3d.mat
10/31/2025 08:05:29 AM INFO:com_predict_weights set to: ./COM/weights/weights.250-0.00036.hdf5
10/31/2025 08:05:29 AM INFO:dannce_train_dir set to: ./DANNCE/train_results/AVG/
10/31/2025 08:05:29 AM INFO:dannce_predict_dir set to: ./DANNCE/predict_results/
10/31/2025 08:05:29 AM INFO:gpu_id set to: 2,3
10/31/2025 08:05:29 AM INFO:verbose set to: 1
10/31/2025 08:05:29 AM INFO:exp set to: [{'label3d_file': './com+sum-07-Sep-2023_dannce.mat'}]
10/31/2025 08:05:29 AM INFO:io_config set to: io.yaml
10/31/2025 08:05:29 AM INFO:new_n_channels_out set to: 22
10/31/2025 08:05:29 AM INFO:batch_size set to: 4
10/31/2025 08:05:29 AM INFO:epochs set to: 1200
10/31/2025 08:05:29 AM INFO:net_type set to: AVG
10/31/2025 08:05:29 AM INFO:train_mode set to: finetune
10/31/2025 08:05:29 AM INFO:num_validation_per_exp set to: 140
10/31/2025 08:05:29 AM INFO:vol_size set to: 180
10/31/2025 08:05:29 AM INFO:nvox set to: 112
10/31/2025 08:05:29 AM INFO:max_num_samples set to: 1000
10/31/2025 08:05:29 AM INFO:dannce_finetune_weights set to: ./DANNCE/weights/weights.rat.MAX/
10/31/2025 08:05:29 AM INFO:log_level set to: DEBUG
10/31/2025 08:05:29 AM INFO:base_config set to: /home/haonan/proj/dannce-release_dev2/configs/dannce_mouse_config.yaml
10/31/2025 08:05:29 AM INFO:viddir set to: videos
10/31/2025 08:05:29 AM INFO:crop_height set to: None
10/31/2025 08:05:29 AM INFO:crop_width set to: None
10/31/2025 08:05:29 AM INFO:camnames set to: None
10/31/2025 08:05:29 AM INFO:n_channels_out set to: 20
10/31/2025 08:05:29 AM INFO:sigma set to: 10
10/31/2025 08:05:29 AM INFO:net set to: None
10/31/2025 08:05:29 AM INFO:immode set to: vid
10/31/2025 08:05:29 AM INFO:mono set to: False
10/31/2025 08:05:29 AM INFO:mirror set to: False
10/31/2025 08:05:29 AM INFO:norm_method set to: layer
10/31/2025 08:05:29 AM INFO:log_dest set to: ../../logs/dannce_Oct31_2025.log
10/31/2025 08:05:29 AM INFO:loss set to: mask_nan_keep_loss
10/31/2025 08:05:29 AM INFO:huber-delta set to: 1.35
10/31/2025 08:05:29 AM INFO:num_train_per_exp set to: None
10/31/2025 08:05:29 AM INFO:metric set to: ['euclidean_distance_3D']
10/31/2025 08:05:29 AM INFO:lr set to: 0.001
10/31/2025 08:05:29 AM INFO:augment_hue set to: False
10/31/2025 08:05:29 AM INFO:augment_brightness set to: False
10/31/2025 08:05:29 AM INFO:augment_hue_val set to: 0.05
10/31/2025 08:05:29 AM INFO:augment_bright_val set to: 0.05
10/31/2025 08:05:29 AM INFO:augment_rotation_val set to: 5
10/31/2025 08:05:29 AM INFO:data_split_seed set to: None
10/31/2025 08:05:29 AM INFO:valid_exp set to: None
10/31/2025 08:05:29 AM INFO:com_fromlabels set to: False
10/31/2025 08:05:29 AM INFO:medfilt_window set to: None
10/31/2025 08:05:29 AM INFO:new_last_kernel_size set to: [3, 3, 3]
10/31/2025 08:05:29 AM INFO:n_layers_locked set to: 2
10/31/2025 08:05:29 AM INFO:vmin set to: None
10/31/2025 08:05:29 AM INFO:vmax set to: None
10/31/2025 08:05:29 AM INFO:interp set to: nearest
10/31/2025 08:05:29 AM INFO:depth set to: False
10/31/2025 08:05:29 AM INFO:comthresh set to: 0
10/31/2025 08:05:29 AM INFO:weighted set to: False
10/31/2025 08:05:29 AM INFO:com_method set to: median
10/31/2025 08:05:29 AM INFO:cthresh set to: None
10/31/2025 08:05:29 AM INFO:channel_combo set to: None
10/31/2025 08:05:29 AM INFO:predict_mode set to: torch
10/31/2025 08:05:29 AM INFO:n_views set to: 6
10/31/2025 08:05:29 AM INFO:rotate set to: True
10/31/2025 08:05:29 AM INFO:augment_continuous_rotation set to: False
10/31/2025 08:05:29 AM INFO:mirror_augmentation set to: False
10/31/2025 08:05:29 AM INFO:drop_landmark set to: None
10/31/2025 08:05:29 AM INFO:use_npy set to: False
10/31/2025 08:05:29 AM INFO:rand_view_replace set to: True
10/31/2025 08:05:29 AM INFO:n_rand_views set to: 0
10/31/2025 08:05:29 AM INFO:multi_gpu_train set to: False
10/31/2025 08:05:29 AM INFO:heatmap_reg set to: False
10/31/2025 08:05:29 AM INFO:heatmap_reg_coeff set to: 0.01
10/31/2025 08:05:29 AM INFO:save_pred_targets set to: False
10/31/2025 08:05:29 AM INFO:avg+max set to: None
10/31/2025 08:05:29 AM INFO:start_batch set to: 0
10/31/2025 08:05:29 AM INFO:n_channels_in set to: None
10/31/2025 08:05:29 AM INFO:extension set to: None
10/31/2025 08:05:29 AM INFO:vid_dir_flag set to: None
10/31/2025 08:05:29 AM INFO:chunks set to: None
10/31/2025 08:05:29 AM INFO:lockfirst set to: None
10/31/2025 08:05:29 AM INFO:load_valid set to: None
10/31/2025 08:05:29 AM INFO:right_keypoints set to: None
10/31/2025 08:05:29 AM INFO:left_keypoints set to: None
10/31/2025 08:05:29 AM INFO:raw_im_h set to: None
10/31/2025 08:05:29 AM INFO:raw_im_w set to: None
10/31/2025 08:05:29 AM INFO:n_instances set to: 1
10/31/2025 08:05:29 AM INFO:start_sample set to: None
10/31/2025 08:05:29 AM INFO:write_npy set to: None
10/31/2025 08:05:29 AM INFO:slurm_config set to: None
10/31/2025 08:05:29 AM INFO:dannce_predict_model set to: None
10/31/2025 08:05:29 AM INFO:expval set to: None
10/31/2025 08:05:29 AM INFO:com_thresh set to: None
10/31/2025 08:05:29 AM INFO:cam3_train set to: None
10/31/2025 08:05:29 AM INFO:debug_volume_tifdir set to: None
10/31/2025 08:05:29 AM INFO:downfac set to: None
10/31/2025 08:05:29 AM INFO:from_weights set to: None
10/31/2025 08:05:29 AM INFO:dannce_predict_vol_tifdir set to: None
10/31/2025 08:05:29 AM DEBUG:dannce.engine.preprocessing.py.grab_predict_label3d_file Using the following *dannce.mat files: ./com+sum-07-Sep-2023_dannce.mat
10/31/2025 08:05:31 AM INFO:dannce.engine.preprocessing.py.print_and_set Setting vid_dir_flag to True.
10/31/2025 08:05:31 AM INFO:dannce.engine.preprocessing.py.print_and_set Setting extension to .mp4.
10/31/2025 08:05:31 AM INFO:dannce.engine.preprocessing.py.print_and_set Setting chunks to {'Camera1': array([0]), 'Camera2': array([0]), 'Camera3': array([0]), 'Camera4': array([0]), 'Camera5': array([0]), 'Camera6': array([0])}.
10/31/2025 08:05:31 AM INFO:dannce.engine.preprocessing.py.print_and_set Setting n_channels_in to 3.
10/31/2025 08:05:31 AM INFO:dannce.engine.preprocessing.py.print_and_set Setting raw_im_h to 1024.
10/31/2025 08:05:31 AM INFO:dannce.engine.preprocessing.py.print_and_set Setting raw_im_w to 1280.
10/31/2025 08:05:31 AM INFO:dannce.engine.preprocessing.py.print_and_set Setting expval to True.
10/31/2025 08:05:31 AM INFO:dannce.engine.preprocessing.py.print_and_set Setting net to finetune_AVG.
10/31/2025 08:05:31 AM INFO:dannce.engine.preprocessing.py.print_and_set Setting crop_height to [0, 1024].
10/31/2025 08:05:31 AM INFO:dannce.engine.preprocessing.py.print_and_set Setting crop_width to [0, 1280].
10/31/2025 08:05:31 AM INFO:dannce.engine.preprocessing.py.print_and_set Setting maxbatch to 250.
10/31/2025 08:05:31 AM INFO:dannce.engine.preprocessing.py.print_and_set Setting start_batch to 0.
10/31/2025 08:05:31 AM INFO:dannce.engine.preprocessing.py.print_and_set Setting vmin to -90.0.
10/31/2025 08:05:31 AM INFO:dannce.engine.preprocessing.py.print_and_set Setting vmax to 90.0.
10/31/2025 08:05:31 AM INFO:dannce.interface.dannce_train Fine-tuning from ./DANNCE/weights/weights.rat.MAX/weights.rat.MAX.6cam.hdf5
10/31/2025 08:05:31 AM DEBUG:dannce.engine.preprocessing.py.load_expdict Experiment 0 using videos in ./videos
10/31/2025 08:05:33 AM DEBUG:dannce.engine.preprocessing.py.load_expdict Experiment 0 using camnames: ['Camera1', 'Camera2', 'Camera3', 'Camera4', 'Camera5', 'Camera6']
10/31/2025 08:05:33 AM DEBUG:dannce.engine.preprocessing.py.load_expdict {'0_Camera1': array([0]), '0_Camera2': array([0]), '0_Camera3': array([0]), '0_Camera4': array([0]), '0_Camera5': array([0]), '0_Camera6': array([0])}
10/31/2025 08:05:33 AM INFO:dannce.engine.serve_data_DANNCE.prepare_data ./com+sum-07-Sep-2023_dannce.mat
10/31/2025 08:05:39 AM INFO:dannce.interface.do_COM_load Experiment 0 using com3d: ./com+sum-07-Sep-2023_dannce.mat
10/31/2025 08:05:39 AM INFO:dannce.interface.do_COM_load Removed 0 samples from the dataset because they either had COM positions over cthresh, or did not have matching sampleIDs in the COM file
10/31/2025 08:05:39 AM DEBUG:dannce.interface.dannce_train Using 202 samples total.
10/31/2025 08:05:39 AM DEBUG:dannce.interface.dannce_train Using the following cameras: ['Camera1', 'Camera2', 'Camera3', 'Camera4', 'Camera5', 'Camera6']
10/31/2025 08:05:39 AM INFO:dannce.engine.preprocessing.py.make_data_split TRAIN EXPTS: [0]
10/31/2025 08:05:39 AM INFO:None
10/31/2025 08:05:39 AM INFO:None
10/31/2025 08:05:39 AM INFO:dannce.interface.dannce_train Loading training data into memory. This can take a while to seek throughlarge sets of video. This process is much faster if the frame indicesare sorted in ascending order in your label data file.
10/31/2025 08:05:39 AM DEBUG:0
10/31/2025 08:05:39 AM INFO:dannce.engine.video.LoadVideoFrame.load_vid_frame Loading new video: 0.mp4 for 0_Camera1
10/31/2025 08:05:40 AM INFO:dannce.engine.video.LoadVideoFrame.load_vid_frame Loading new video: 0.mp4 for 0_Camera2
10/31/2025 08:05:41 AM INFO:dannce.engine.video.LoadVideoFrame.load_vid_frame Loading new video: 0.mp4 for 0_Camera3
10/31/2025 08:05:42 AM INFO:dannce.engine.video.LoadVideoFrame.load_vid_frame Loading new video: 0.mp4 for 0_Camera4
10/31/2025 08:05:43 AM INFO:dannce.engine.video.LoadVideoFrame.load_vid_frame Loading new video: 0.mp4 for 0_Camera5
10/31/2025 08:05:44 AM INFO:dannce.engine.video.LoadVideoFrame.load_vid_frame Loading new video: 0.mp4 for 0_Camera6
10/31/2025 08:05:45 AM DEBUG:1
10/31/2025 08:05:50 AM DEBUG:2
10/31/2025 08:05:54 AM DEBUG:3
10/31/2025 08:05:58 AM DEBUG:4
10/31/2025 08:06:03 AM DEBUG:5
10/31/2025 08:06:08 AM DEBUG:6
10/31/2025 08:06:12 AM DEBUG:7
10/31/2025 08:06:17 AM DEBUG:8
10/31/2025 08:06:22 AM DEBUG:9
10/31/2025 08:06:25 AM DEBUG:10
10/31/2025 08:06:29 AM DEBUG:11
10/31/2025 08:06:34 AM DEBUG:12
10/31/2025 08:06:37 AM DEBUG:13
10/31/2025 08:06:41 AM DEBUG:14
10/31/2025 08:06:46 AM DEBUG:15
10/31/2025 08:06:49 AM DEBUG:16
10/31/2025 08:06:54 AM DEBUG:17
10/31/2025 08:06:58 AM DEBUG:18
10/31/2025 08:07:03 AM DEBUG:19
10/31/2025 08:07:07 AM DEBUG:20
10/31/2025 08:07:12 AM DEBUG:21
10/31/2025 08:07:17 AM DEBUG:22
10/31/2025 08:07:20 AM DEBUG:23
10/31/2025 08:07:24 AM DEBUG:24
10/31/2025 08:07:29 AM DEBUG:25
10/31/2025 08:07:33 AM DEBUG:26
10/31/2025 08:07:38 AM DEBUG:27
10/31/2025 08:07:42 AM DEBUG:28
10/31/2025 08:07:46 AM DEBUG:29
10/31/2025 08:07:50 AM DEBUG:30
10/31/2025 08:07:55 AM DEBUG:31
10/31/2025 08:07:59 AM DEBUG:32
10/31/2025 08:08:02 AM DEBUG:33
10/31/2025 08:08:05 AM DEBUG:34
10/31/2025 08:08:08 AM DEBUG:35
10/31/2025 08:08:11 AM DEBUG:36
10/31/2025 08:08:16 AM DEBUG:37
10/31/2025 08:08:19 AM DEBUG:38
10/31/2025 08:08:22 AM DEBUG:39
10/31/2025 08:08:27 AM DEBUG:40
10/31/2025 08:08:30 AM DEBUG:41
10/31/2025 08:08:34 AM DEBUG:42
10/31/2025 08:08:40 AM DEBUG:43
10/31/2025 08:08:42 AM DEBUG:44
10/31/2025 08:08:47 AM DEBUG:45
10/31/2025 08:08:51 AM DEBUG:46
10/31/2025 08:08:55 AM DEBUG:47
10/31/2025 08:09:00 AM DEBUG:48
10/31/2025 08:09:04 AM DEBUG:49
10/31/2025 08:09:10 AM DEBUG:50
10/31/2025 08:09:15 AM DEBUG:51
10/31/2025 08:09:18 AM DEBUG:52
10/31/2025 08:09:22 AM DEBUG:53
10/31/2025 08:09:24 AM DEBUG:54
10/31/2025 08:09:30 AM DEBUG:55
10/31/2025 08:09:34 AM DEBUG:56
10/31/2025 08:09:39 AM DEBUG:57
10/31/2025 08:09:44 AM DEBUG:58
10/31/2025 08:09:48 AM DEBUG:59
10/31/2025 08:09:51 AM DEBUG:60
10/31/2025 08:09:55 AM DEBUG:61
10/31/2025 08:09:59 AM INFO:dannce.interface.dannce_train Loading validation data into memory
10/31/2025 08:09:59 AM DEBUG:0
10/31/2025 08:09:59 AM INFO:dannce.engine.video.LoadVideoFrame.load_vid_frame Loading new video: 0.mp4 for 0_Camera1
10/31/2025 08:10:00 AM INFO:dannce.engine.video.LoadVideoFrame.load_vid_frame Loading new video: 0.mp4 for 0_Camera2
10/31/2025 08:10:01 AM INFO:dannce.engine.video.LoadVideoFrame.load_vid_frame Loading new video: 0.mp4 for 0_Camera3
10/31/2025 08:10:02 AM INFO:dannce.engine.video.LoadVideoFrame.load_vid_frame Loading new video: 0.mp4 for 0_Camera4
10/31/2025 08:10:03 AM INFO:dannce.engine.video.LoadVideoFrame.load_vid_frame Loading new video: 0.mp4 for 0_Camera5
10/31/2025 08:10:04 AM INFO:dannce.engine.video.LoadVideoFrame.load_vid_frame Loading new video: 0.mp4 for 0_Camera6
10/31/2025 08:10:05 AM DEBUG:1
10/31/2025 08:10:08 AM DEBUG:2
10/31/2025 08:10:13 AM DEBUG:3
10/31/2025 08:10:16 AM DEBUG:4
10/31/2025 08:10:20 AM DEBUG:5
10/31/2025 08:10:23 AM DEBUG:6
10/31/2025 08:10:28 AM DEBUG:7
10/31/2025 08:10:32 AM DEBUG:8
10/31/2025 08:10:37 AM DEBUG:9
10/31/2025 08:10:40 AM DEBUG:10
10/31/2025 08:10:45 AM DEBUG:11
10/31/2025 08:10:49 AM DEBUG:12
10/31/2025 08:10:54 AM DEBUG:13
10/31/2025 08:10:59 AM DEBUG:14
10/31/2025 08:11:02 AM DEBUG:15
10/31/2025 08:11:07 AM DEBUG:16
10/31/2025 08:11:12 AM DEBUG:17
10/31/2025 08:11:18 AM DEBUG:18
10/31/2025 08:11:21 AM DEBUG:19
10/31/2025 08:11:25 AM DEBUG:20
10/31/2025 08:11:30 AM DEBUG:21
10/31/2025 08:11:34 AM DEBUG:22
10/31/2025 08:11:40 AM DEBUG:23
10/31/2025 08:11:44 AM DEBUG:24
10/31/2025 08:11:49 AM DEBUG:25
10/31/2025 08:11:52 AM DEBUG:26
10/31/2025 08:11:58 AM DEBUG:27
10/31/2025 08:12:04 AM DEBUG:28
10/31/2025 08:12:09 AM DEBUG:29
10/31/2025 08:12:13 AM DEBUG:30
10/31/2025 08:12:17 AM DEBUG:31
10/31/2025 08:12:20 AM DEBUG:32
10/31/2025 08:12:25 AM DEBUG:33
10/31/2025 08:12:28 AM DEBUG:34
10/31/2025 08:12:33 AM DEBUG:35
10/31/2025 08:12:37 AM DEBUG:36
10/31/2025 08:12:41 AM DEBUG:37
10/31/2025 08:12:45 AM DEBUG:38
10/31/2025 08:12:50 AM DEBUG:39
10/31/2025 08:12:55 AM DEBUG:40
10/31/2025 08:12:58 AM DEBUG:41
10/31/2025 08:13:01 AM DEBUG:42
10/31/2025 08:13:04 AM DEBUG:43
10/31/2025 08:13:07 AM DEBUG:44
10/31/2025 08:13:12 AM DEBUG:45
10/31/2025 08:13:16 AM DEBUG:46
10/31/2025 08:13:20 AM DEBUG:47
10/31/2025 08:13:23 AM DEBUG:48
10/31/2025 08:13:27 AM DEBUG:49
10/31/2025 08:13:32 AM DEBUG:50
10/31/2025 08:13:37 AM DEBUG:51
10/31/2025 08:13:42 AM DEBUG:52
10/31/2025 08:13:47 AM DEBUG:53
10/31/2025 08:13:52 AM DEBUG:54
10/31/2025 08:13:56 AM DEBUG:55
10/31/2025 08:14:01 AM DEBUG:56
10/31/2025 08:14:06 AM DEBUG:57
10/31/2025 08:14:10 AM DEBUG:58
10/31/2025 08:14:14 AM DEBUG:59
10/31/2025 08:14:17 AM DEBUG:60
10/31/2025 08:14:20 AM DEBUG:61
10/31/2025 08:14:24 AM DEBUG:62
10/31/2025 08:14:27 AM DEBUG:63
10/31/2025 08:14:30 AM DEBUG:64
10/31/2025 08:14:33 AM DEBUG:65
10/31/2025 08:14:39 AM DEBUG:66
10/31/2025 08:14:42 AM DEBUG:67
10/31/2025 08:14:46 AM DEBUG:68
10/31/2025 08:14:50 AM DEBUG:69
10/31/2025 08:14:55 AM DEBUG:70
10/31/2025 08:14:59 AM DEBUG:71
10/31/2025 08:15:03 AM DEBUG:72
10/31/2025 08:15:07 AM DEBUG:73
10/31/2025 08:15:12 AM DEBUG:74
10/31/2025 08:15:16 AM DEBUG:75
10/31/2025 08:15:21 AM DEBUG:76
10/31/2025 08:15:25 AM DEBUG:77
10/31/2025 08:15:29 AM DEBUG:78
10/31/2025 08:15:34 AM DEBUG:79
10/31/2025 08:15:38 AM DEBUG:80
10/31/2025 08:15:42 AM DEBUG:81
10/31/2025 08:15:48 AM DEBUG:82
10/31/2025 08:15:51 AM DEBUG:83
10/31/2025 08:15:55 AM DEBUG:84
10/31/2025 08:16:00 AM DEBUG:85
10/31/2025 08:16:04 AM DEBUG:86
10/31/2025 08:16:08 AM DEBUG:87
10/31/2025 08:16:12 AM DEBUG:88
10/31/2025 08:16:16 AM DEBUG:89
10/31/2025 08:16:21 AM DEBUG:90
10/31/2025 08:16:25 AM DEBUG:91
10/31/2025 08:16:29 AM DEBUG:92
10/31/2025 08:16:32 AM DEBUG:93
10/31/2025 08:16:37 AM DEBUG:94
10/31/2025 08:16:42 AM DEBUG:95
10/31/2025 08:16:47 AM DEBUG:96
10/31/2025 08:16:51 AM DEBUG:97
10/31/2025 08:16:56 AM DEBUG:98
10/31/2025 08:17:01 AM DEBUG:99
10/31/2025 08:17:06 AM DEBUG:100
10/31/2025 08:17:08 AM DEBUG:101
10/31/2025 08:17:11 AM DEBUG:102
10/31/2025 08:17:15 AM DEBUG:103
10/31/2025 08:17:18 AM DEBUG:104
10/31/2025 08:17:23 AM DEBUG:105
10/31/2025 08:17:28 AM DEBUG:106
10/31/2025 08:17:34 AM DEBUG:107
10/31/2025 08:17:42 AM DEBUG:108
10/31/2025 08:17:48 AM DEBUG:109
10/31/2025 08:17:52 AM DEBUG:110
10/31/2025 08:17:56 AM DEBUG:111
10/31/2025 08:18:01 AM DEBUG:112
10/31/2025 08:18:05 AM DEBUG:113
10/31/2025 08:18:09 AM DEBUG:114
10/31/2025 08:18:15 AM DEBUG:115
10/31/2025 08:18:19 AM DEBUG:116
10/31/2025 08:18:24 AM DEBUG:117
10/31/2025 08:18:28 AM DEBUG:118
10/31/2025 08:18:34 AM DEBUG:119
10/31/2025 08:18:38 AM DEBUG:120
10/31/2025 08:18:43 AM DEBUG:121
10/31/2025 08:18:48 AM DEBUG:122
10/31/2025 08:19:12 AM INFO:com_train_dir set to: ./COM/train_results/
10/31/2025 08:19:12 AM INFO:com_predict_dir set to: ./COM/predict_results/
10/31/2025 08:19:12 AM INFO:com_file set to: ./COM/predict_results/com3d.mat
10/31/2025 08:19:12 AM INFO:com_predict_weights set to: ./COM/weights/weights.250-0.00036.hdf5
10/31/2025 08:19:12 AM INFO:dannce_train_dir set to: ./DANNCE/train_results/AVG/
10/31/2025 08:19:12 AM INFO:dannce_predict_dir set to: ./DANNCE/predict_results/
10/31/2025 08:19:12 AM INFO:gpu_id set to: 2,3
10/31/2025 08:19:12 AM INFO:verbose set to: 1
10/31/2025 08:19:12 AM INFO:exp set to: [{'label3d_file': './com+sum-07-Sep-2023_dannce.mat'}]
10/31/2025 08:19:12 AM INFO:io_config set to: io.yaml
10/31/2025 08:19:12 AM INFO:new_n_channels_out set to: 22
10/31/2025 08:19:12 AM INFO:batch_size set to: 4
10/31/2025 08:19:12 AM INFO:epochs set to: 500
10/31/2025 08:19:12 AM INFO:net_type set to: AVG
10/31/2025 08:19:12 AM INFO:train_mode set to: finetune
10/31/2025 08:19:12 AM INFO:num_validation_per_exp set to: 140
10/31/2025 08:19:12 AM INFO:vol_size set to: 180
10/31/2025 08:19:12 AM INFO:nvox set to: 112
10/31/2025 08:19:12 AM INFO:max_num_samples set to: 1000
10/31/2025 08:19:12 AM INFO:dannce_finetune_weights set to: ./DANNCE/weights/weights.rat.MAX/
10/31/2025 08:19:12 AM INFO:log_level set to: DEBUG
10/31/2025 08:19:12 AM INFO:base_config set to: /home/haonan/proj/dannce-release_dev2/configs/dannce_mouse_config.yaml
10/31/2025 08:19:12 AM INFO:viddir set to: videos
10/31/2025 08:19:12 AM INFO:crop_height set to: None
10/31/2025 08:19:12 AM INFO:crop_width set to: None
10/31/2025 08:19:12 AM INFO:camnames set to: None
10/31/2025 08:19:12 AM INFO:n_channels_out set to: 20
10/31/2025 08:19:12 AM INFO:sigma set to: 10
10/31/2025 08:19:12 AM INFO:net set to: None
10/31/2025 08:19:12 AM INFO:immode set to: vid
10/31/2025 08:19:12 AM INFO:mono set to: False
10/31/2025 08:19:12 AM INFO:mirror set to: False
10/31/2025 08:19:12 AM INFO:norm_method set to: layer
10/31/2025 08:19:12 AM INFO:log_dest set to: ../../logs/dannce_Oct31_2025.log
10/31/2025 08:19:12 AM INFO:loss set to: mask_nan_keep_loss
10/31/2025 08:19:12 AM INFO:huber-delta set to: 1.35
10/31/2025 08:19:12 AM INFO:num_train_per_exp set to: None
10/31/2025 08:19:12 AM INFO:metric set to: ['euclidean_distance_3D']
10/31/2025 08:19:12 AM INFO:lr set to: 0.001
10/31/2025 08:19:12 AM INFO:augment_hue set to: False
10/31/2025 08:19:12 AM INFO:augment_brightness set to: False
10/31/2025 08:19:12 AM INFO:augment_hue_val set to: 0.05
10/31/2025 08:19:12 AM INFO:augment_bright_val set to: 0.05
10/31/2025 08:19:12 AM INFO:augment_rotation_val set to: 5
10/31/2025 08:19:12 AM INFO:data_split_seed set to: None
10/31/2025 08:19:12 AM INFO:valid_exp set to: None
10/31/2025 08:19:12 AM INFO:com_fromlabels set to: False
10/31/2025 08:19:12 AM INFO:medfilt_window set to: None
10/31/2025 08:19:12 AM INFO:new_last_kernel_size set to: [3, 3, 3]
10/31/2025 08:19:12 AM INFO:n_layers_locked set to: 2
10/31/2025 08:19:12 AM INFO:vmin set to: None
10/31/2025 08:19:12 AM INFO:vmax set to: None
10/31/2025 08:19:12 AM INFO:interp set to: nearest
10/31/2025 08:19:12 AM INFO:depth set to: False
10/31/2025 08:19:12 AM INFO:comthresh set to: 0
10/31/2025 08:19:12 AM INFO:weighted set to: False
10/31/2025 08:19:12 AM INFO:com_method set to: median
10/31/2025 08:19:12 AM INFO:cthresh set to: None
10/31/2025 08:19:12 AM INFO:channel_combo set to: None
10/31/2025 08:19:12 AM INFO:predict_mode set to: torch
10/31/2025 08:19:12 AM INFO:n_views set to: 6
10/31/2025 08:19:12 AM INFO:rotate set to: True
10/31/2025 08:19:12 AM INFO:augment_continuous_rotation set to: False
10/31/2025 08:19:12 AM INFO:mirror_augmentation set to: False
10/31/2025 08:19:12 AM INFO:drop_landmark set to: None
10/31/2025 08:19:12 AM INFO:use_npy set to: False
10/31/2025 08:19:12 AM INFO:rand_view_replace set to: True
10/31/2025 08:19:12 AM INFO:n_rand_views set to: 0
10/31/2025 08:19:12 AM INFO:multi_gpu_train set to: False
10/31/2025 08:19:12 AM INFO:heatmap_reg set to: False
10/31/2025 08:19:12 AM INFO:heatmap_reg_coeff set to: 0.01
10/31/2025 08:19:12 AM INFO:save_pred_targets set to: False
10/31/2025 08:19:12 AM INFO:avg+max set to: None
10/31/2025 08:19:12 AM INFO:start_batch set to: 0
10/31/2025 08:19:12 AM INFO:n_channels_in set to: None
10/31/2025 08:19:12 AM INFO:extension set to: None
10/31/2025 08:19:12 AM INFO:vid_dir_flag set to: None
10/31/2025 08:19:12 AM INFO:chunks set to: None
10/31/2025 08:19:12 AM INFO:lockfirst set to: None
10/31/2025 08:19:12 AM INFO:load_valid set to: None
10/31/2025 08:19:12 AM INFO:right_keypoints set to: None
10/31/2025 08:19:12 AM INFO:left_keypoints set to: None
10/31/2025 08:19:12 AM INFO:raw_im_h set to: None
10/31/2025 08:19:12 AM INFO:raw_im_w set to: None
10/31/2025 08:19:12 AM INFO:n_instances set to: 1
10/31/2025 08:19:12 AM INFO:start_sample set to: None
10/31/2025 08:19:12 AM INFO:write_npy set to: None
10/31/2025 08:19:12 AM INFO:slurm_config set to: None
10/31/2025 08:19:12 AM INFO:dannce_predict_model set to: None
10/31/2025 08:19:12 AM INFO:expval set to: None
10/31/2025 08:19:12 AM INFO:com_thresh set to: None
10/31/2025 08:19:12 AM INFO:cam3_train set to: None
10/31/2025 08:19:12 AM INFO:debug_volume_tifdir set to: None
10/31/2025 08:19:12 AM INFO:downfac set to: None
10/31/2025 08:19:12 AM INFO:from_weights set to: None
10/31/2025 08:19:12 AM INFO:dannce_predict_vol_tifdir set to: None
10/31/2025 08:19:12 AM DEBUG:dannce.engine.preprocessing.py.grab_predict_label3d_file Using the following *dannce.mat files: ./com+sum-07-Sep-2023_dannce.mat
10/31/2025 08:19:24 AM INFO:dannce.engine.preprocessing.py.print_and_set Setting vid_dir_flag to True.
10/31/2025 08:19:24 AM INFO:dannce.engine.preprocessing.py.print_and_set Setting extension to .mp4.
10/31/2025 08:19:24 AM INFO:dannce.engine.preprocessing.py.print_and_set Setting chunks to {'Camera1': array([0]), 'Camera2': array([0]), 'Camera3': array([0]), 'Camera4': array([0]), 'Camera5': array([0]), 'Camera6': array([0])}.
10/31/2025 08:19:24 AM INFO:dannce.engine.preprocessing.py.print_and_set Setting n_channels_in to 3.
10/31/2025 08:19:24 AM INFO:dannce.engine.preprocessing.py.print_and_set Setting raw_im_h to 1024.
10/31/2025 08:19:24 AM INFO:dannce.engine.preprocessing.py.print_and_set Setting raw_im_w to 1280.
10/31/2025 08:19:24 AM INFO:dannce.engine.preprocessing.py.print_and_set Setting expval to True.
10/31/2025 08:19:24 AM INFO:dannce.engine.preprocessing.py.print_and_set Setting net to finetune_AVG.
10/31/2025 08:19:24 AM INFO:dannce.engine.preprocessing.py.print_and_set Setting crop_height to [0, 1024].
10/31/2025 08:19:24 AM INFO:dannce.engine.preprocessing.py.print_and_set Setting crop_width to [0, 1280].
10/31/2025 08:19:24 AM INFO:dannce.engine.preprocessing.py.print_and_set Setting maxbatch to 250.
10/31/2025 08:19:24 AM INFO:dannce.engine.preprocessing.py.print_and_set Setting start_batch to 0.
10/31/2025 08:19:24 AM INFO:dannce.engine.preprocessing.py.print_and_set Setting vmin to -90.0.
10/31/2025 08:19:24 AM INFO:dannce.engine.preprocessing.py.print_and_set Setting vmax to 90.0.
10/31/2025 08:19:24 AM INFO:dannce.interface.dannce_train Fine-tuning from ./DANNCE/weights/weights.rat.MAX/weights.rat.MAX.6cam.hdf5
10/31/2025 08:19:24 AM DEBUG:dannce.engine.preprocessing.py.load_expdict Experiment 0 using videos in ./videos
10/31/2025 08:19:25 AM DEBUG:dannce.engine.preprocessing.py.load_expdict Experiment 0 using camnames: ['Camera1', 'Camera2', 'Camera3', 'Camera4', 'Camera5', 'Camera6']
10/31/2025 08:19:26 AM DEBUG:dannce.engine.preprocessing.py.load_expdict {'0_Camera1': array([0]), '0_Camera2': array([0]), '0_Camera3': array([0]), '0_Camera4': array([0]), '0_Camera5': array([0]), '0_Camera6': array([0])}
10/31/2025 08:19:26 AM INFO:dannce.engine.serve_data_DANNCE.prepare_data ./com+sum-07-Sep-2023_dannce.mat
10/31/2025 08:19:31 AM INFO:dannce.interface.do_COM_load Experiment 0 using com3d: ./com+sum-07-Sep-2023_dannce.mat
10/31/2025 08:19:31 AM INFO:dannce.interface.do_COM_load Removed 0 samples from the dataset because they either had COM positions over cthresh, or did not have matching sampleIDs in the COM file
10/31/2025 08:19:31 AM DEBUG:dannce.interface.dannce_train Using 202 samples total.
10/31/2025 08:19:31 AM DEBUG:dannce.interface.dannce_train Using the following cameras: ['Camera1', 'Camera2', 'Camera3', 'Camera4', 'Camera5', 'Camera6']
10/31/2025 08:19:31 AM INFO:dannce.engine.preprocessing.py.make_data_split TRAIN EXPTS: [0]
10/31/2025 08:19:31 AM INFO:None
10/31/2025 08:19:31 AM INFO:None
10/31/2025 08:19:31 AM INFO:dannce.interface.dannce_train Loading training data into memory. This can take a while to seek throughlarge sets of video. This process is much faster if the frame indicesare sorted in ascending order in your label data file.
10/31/2025 08:19:31 AM DEBUG:0
10/31/2025 08:19:31 AM INFO:dannce.engine.video.LoadVideoFrame.load_vid_frame Loading new video: 0.mp4 for 0_Camera1
10/31/2025 08:19:32 AM INFO:dannce.engine.video.LoadVideoFrame.load_vid_frame Loading new video: 0.mp4 for 0_Camera2
10/31/2025 08:19:33 AM INFO:dannce.engine.video.LoadVideoFrame.load_vid_frame Loading new video: 0.mp4 for 0_Camera3
10/31/2025 08:19:34 AM INFO:dannce.engine.video.LoadVideoFrame.load_vid_frame Loading new video: 0.mp4 for 0_Camera4
10/31/2025 08:19:35 AM INFO:dannce.engine.video.LoadVideoFrame.load_vid_frame Loading new video: 0.mp4 for 0_Camera5
10/31/2025 08:19:36 AM INFO:dannce.engine.video.LoadVideoFrame.load_vid_frame Loading new video: 0.mp4 for 0_Camera6
10/31/2025 08:19:37 AM DEBUG:1
10/31/2025 08:19:40 AM DEBUG:2
10/31/2025 08:19:45 AM DEBUG:3
10/31/2025 08:19:48 AM DEBUG:4
10/31/2025 08:19:50 AM DEBUG:5
10/31/2025 08:19:55 AM DEBUG:6
10/31/2025 08:20:01 AM DEBUG:7
10/31/2025 08:20:05 AM DEBUG:8
10/31/2025 08:20:10 AM DEBUG:9
10/31/2025 08:20:15 AM DEBUG:10
10/31/2025 08:20:19 AM DEBUG:11
10/31/2025 08:20:23 AM DEBUG:12
10/31/2025 08:20:29 AM DEBUG:13
10/31/2025 08:20:34 AM DEBUG:14
10/31/2025 08:20:39 AM DEBUG:15
10/31/2025 08:20:43 AM DEBUG:16
10/31/2025 08:20:47 AM DEBUG:17
10/31/2025 08:20:50 AM DEBUG:18
10/31/2025 08:20:54 AM DEBUG:19
10/31/2025 08:20:57 AM DEBUG:20
10/31/2025 08:21:01 AM DEBUG:21
10/31/2025 08:21:05 AM DEBUG:22
10/31/2025 08:21:09 AM DEBUG:23
10/31/2025 08:21:13 AM DEBUG:24
10/31/2025 08:21:17 AM DEBUG:25
10/31/2025 08:21:22 AM DEBUG:26
10/31/2025 08:21:25 AM DEBUG:27
10/31/2025 08:21:29 AM DEBUG:28
10/31/2025 08:21:34 AM DEBUG:29
10/31/2025 08:21:38 AM DEBUG:30
10/31/2025 08:21:41 AM DEBUG:31
10/31/2025 08:21:44 AM DEBUG:32
10/31/2025 08:21:49 AM DEBUG:33
10/31/2025 08:21:54 AM DEBUG:34
10/31/2025 08:21:58 AM DEBUG:35
10/31/2025 08:22:02 AM DEBUG:36
10/31/2025 08:22:06 AM DEBUG:37
10/31/2025 08:22:10 AM DEBUG:38
10/31/2025 08:22:15 AM DEBUG:39
10/31/2025 08:22:18 AM DEBUG:40
10/31/2025 08:22:22 AM DEBUG:41
10/31/2025 08:22:26 AM DEBUG:42
10/31/2025 08:22:31 AM DEBUG:43
10/31/2025 08:22:34 AM DEBUG:44
10/31/2025 08:22:39 AM DEBUG:45
10/31/2025 08:22:43 AM DEBUG:46
10/31/2025 08:22:48 AM DEBUG:47
10/31/2025 08:22:52 AM DEBUG:48
10/31/2025 08:22:57 AM DEBUG:49
10/31/2025 08:23:02 AM DEBUG:50
10/31/2025 08:23:06 AM DEBUG:51
10/31/2025 08:23:10 AM DEBUG:52
10/31/2025 08:23:14 AM DEBUG:53
10/31/2025 08:23:20 AM DEBUG:54
10/31/2025 08:23:24 AM DEBUG:55
10/31/2025 08:23:29 AM DEBUG:56
10/31/2025 08:23:33 AM DEBUG:57
10/31/2025 08:23:38 AM DEBUG:58
10/31/2025 08:23:43 AM DEBUG:59
10/31/2025 08:23:48 AM DEBUG:60
10/31/2025 08:23:52 AM DEBUG:61
10/31/2025 08:23:56 AM INFO:dannce.interface.dannce_train Loading validation data into memory
10/31/2025 08:23:56 AM DEBUG:0
10/31/2025 08:23:56 AM INFO:dannce.engine.video.LoadVideoFrame.load_vid_frame Loading new video: 0.mp4 for 0_Camera1
10/31/2025 08:23:57 AM INFO:dannce.engine.video.LoadVideoFrame.load_vid_frame Loading new video: 0.mp4 for 0_Camera2
10/31/2025 08:23:58 AM INFO:dannce.engine.video.LoadVideoFrame.load_vid_frame Loading new video: 0.mp4 for 0_Camera3
10/31/2025 08:23:59 AM INFO:dannce.engine.video.LoadVideoFrame.load_vid_frame Loading new video: 0.mp4 for 0_Camera4
10/31/2025 08:24:00 AM INFO:dannce.engine.video.LoadVideoFrame.load_vid_frame Loading new video: 0.mp4 for 0_Camera5
10/31/2025 08:24:00 AM INFO:dannce.engine.video.LoadVideoFrame.load_vid_frame Loading new video: 0.mp4 for 0_Camera6
10/31/2025 08:24:02 AM DEBUG:1
10/31/2025 08:24:06 AM DEBUG:2
10/31/2025 08:24:10 AM DEBUG:3
10/31/2025 08:24:15 AM DEBUG:4
10/31/2025 08:24:19 AM DEBUG:5
10/31/2025 08:24:22 AM DEBUG:6
10/31/2025 08:24:27 AM DEBUG:7
10/31/2025 08:24:30 AM DEBUG:8
10/31/2025 08:24:34 AM DEBUG:9
10/31/2025 08:24:38 AM DEBUG:10
10/31/2025 08:24:43 AM DEBUG:11
10/31/2025 08:24:47 AM DEBUG:12
10/31/2025 08:24:51 AM DEBUG:13
10/31/2025 08:24:55 AM DEBUG:14
10/31/2025 08:25:00 AM DEBUG:15
10/31/2025 08:25:04 AM DEBUG:16
10/31/2025 08:25:09 AM DEBUG:17
10/31/2025 08:25:14 AM DEBUG:18
10/31/2025 08:25:20 AM DEBUG:19
10/31/2025 08:25:23 AM DEBUG:20
10/31/2025 08:25:27 AM DEBUG:21
10/31/2025 08:25:30 AM DEBUG:22
10/31/2025 08:25:35 AM DEBUG:23
10/31/2025 08:25:39 AM DEBUG:24
10/31/2025 08:25:44 AM DEBUG:25
10/31/2025 08:25:47 AM DEBUG:26
10/31/2025 08:25:51 AM DEBUG:27
10/31/2025 08:25:57 AM DEBUG:28
10/31/2025 08:26:02 AM DEBUG:29
10/31/2025 08:26:08 AM DEBUG:30
10/31/2025 08:26:12 AM DEBUG:31
10/31/2025 08:26:17 AM DEBUG:32
10/31/2025 08:26:22 AM DEBUG:33
10/31/2025 08:26:26 AM DEBUG:34
10/31/2025 08:26:29 AM DEBUG:35
10/31/2025 08:26:33 AM DEBUG:36
10/31/2025 08:26:36 AM DEBUG:37
10/31/2025 08:26:41 AM DEBUG:38
10/31/2025 08:26:45 AM DEBUG:39
10/31/2025 08:26:50 AM DEBUG:40
10/31/2025 08:26:54 AM DEBUG:41
10/31/2025 08:26:59 AM DEBUG:42
10/31/2025 08:27:03 AM DEBUG:43
10/31/2025 08:27:08 AM DEBUG:44
10/31/2025 08:27:12 AM DEBUG:45
10/31/2025 08:27:15 AM DEBUG:46
10/31/2025 08:27:20 AM DEBUG:47
10/31/2025 08:27:25 AM DEBUG:48
10/31/2025 08:27:27 AM DEBUG:49
10/31/2025 08:27:30 AM DEBUG:50
10/31/2025 08:27:35 AM DEBUG:51
10/31/2025 08:27:40 AM DEBUG:52
10/31/2025 08:27:44 AM DEBUG:53
10/31/2025 08:27:48 AM DEBUG:54
10/31/2025 08:27:52 AM DEBUG:55
10/31/2025 08:27:56 AM DEBUG:56
10/31/2025 08:28:00 AM DEBUG:57
10/31/2025 08:28:02 AM DEBUG:58
10/31/2025 08:28:07 AM DEBUG:59
10/31/2025 08:28:11 AM DEBUG:60
10/31/2025 08:28:16 AM DEBUG:61
10/31/2025 08:28:20 AM DEBUG:62
10/31/2025 08:28:25 AM DEBUG:63
10/31/2025 08:28:29 AM DEBUG:64
10/31/2025 08:28:33 AM DEBUG:65
10/31/2025 08:28:36 AM DEBUG:66
10/31/2025 08:28:40 AM DEBUG:67
10/31/2025 08:28:44 AM DEBUG:68
10/31/2025 08:28:46 AM DEBUG:69
10/31/2025 08:28:50 AM DEBUG:70
10/31/2025 08:28:52 AM DEBUG:71
10/31/2025 08:28:56 AM DEBUG:72
10/31/2025 08:28:59 AM DEBUG:73
10/31/2025 08:29:03 AM DEBUG:74
10/31/2025 08:29:06 AM DEBUG:75
10/31/2025 08:29:10 AM DEBUG:76
10/31/2025 08:29:15 AM DEBUG:77
10/31/2025 08:29:19 AM DEBUG:78
10/31/2025 08:29:23 AM DEBUG:79
10/31/2025 08:29:27 AM DEBUG:80
10/31/2025 08:29:31 AM DEBUG:81
10/31/2025 08:29:35 AM DEBUG:82
10/31/2025 08:29:39 AM DEBUG:83
10/31/2025 08:29:44 AM DEBUG:84
10/31/2025 08:29:47 AM DEBUG:85
10/31/2025 08:29:50 AM DEBUG:86
10/31/2025 08:29:54 AM DEBUG:87
10/31/2025 08:29:58 AM DEBUG:88
10/31/2025 08:30:03 AM DEBUG:89
10/31/2025 08:30:06 AM DEBUG:90
10/31/2025 08:30:10 AM DEBUG:91
10/31/2025 08:30:14 AM DEBUG:92
10/31/2025 08:30:19 AM DEBUG:93
10/31/2025 08:30:24 AM DEBUG:94
10/31/2025 08:30:29 AM DEBUG:95
10/31/2025 08:30:32 AM DEBUG:96
10/31/2025 08:30:35 AM DEBUG:97
10/31/2025 08:30:40 AM DEBUG:98
10/31/2025 08:30:45 AM DEBUG:99
10/31/2025 08:30:50 AM DEBUG:100
10/31/2025 08:30:54 AM DEBUG:101
10/31/2025 08:30:59 AM DEBUG:102
10/31/2025 08:31:02 AM DEBUG:103
10/31/2025 08:31:06 AM DEBUG:104
10/31/2025 08:31:09 AM DEBUG:105
10/31/2025 08:31:14 AM DEBUG:106
10/31/2025 08:31:17 AM DEBUG:107
10/31/2025 08:31:22 AM DEBUG:108
10/31/2025 08:31:28 AM DEBUG:109
10/31/2025 08:31:33 AM DEBUG:110
10/31/2025 08:34:22 AM INFO:com_train_dir set to: ./COM/train_results/
10/31/2025 08:34:22 AM INFO:com_predict_dir set to: ./COM/predict_results/
10/31/2025 08:34:22 AM INFO:com_file set to: ./COM/predict_results/com3d.mat
10/31/2025 08:34:22 AM INFO:com_predict_weights set to: ./COM/weights/weights.250-0.00036.hdf5
10/31/2025 08:34:22 AM INFO:dannce_train_dir set to: ./DANNCE/train_results/AVG/
10/31/2025 08:34:22 AM INFO:dannce_predict_dir set to: ./DANNCE/predict_results/
10/31/2025 08:34:22 AM INFO:gpu_id set to: 2,3
10/31/2025 08:34:22 AM INFO:verbose set to: 1
10/31/2025 08:34:22 AM INFO:exp set to: [{'label3d_file': './com+sum-07-Sep-2023_dannce.mat'}]
10/31/2025 08:34:22 AM INFO:io_config set to: io.yaml
10/31/2025 08:34:22 AM INFO:new_n_channels_out set to: 22
10/31/2025 08:34:22 AM INFO:batch_size set to: 4
10/31/2025 08:34:22 AM INFO:epochs set to: 500
10/31/2025 08:34:22 AM INFO:net_type set to: AVG
10/31/2025 08:34:22 AM INFO:train_mode set to: finetune
10/31/2025 08:34:22 AM INFO:num_validation_per_exp set to: 30
10/31/2025 08:34:22 AM INFO:vol_size set to: 180
10/31/2025 08:34:22 AM INFO:nvox set to: 112
10/31/2025 08:34:22 AM INFO:max_num_samples set to: 1000
10/31/2025 08:34:22 AM INFO:dannce_finetune_weights set to: ./DANNCE/weights/weights.rat.MAX/
10/31/2025 08:34:22 AM INFO:log_level set to: DEBUG
10/31/2025 08:34:22 AM INFO:base_config set to: /home/haonan/proj/dannce-release_dev2/configs/dannce_mouse_config.yaml
10/31/2025 08:34:22 AM INFO:viddir set to: videos
10/31/2025 08:34:22 AM INFO:crop_height set to: None
10/31/2025 08:34:22 AM INFO:crop_width set to: None
10/31/2025 08:34:22 AM INFO:camnames set to: None
10/31/2025 08:34:22 AM INFO:n_channels_out set to: 20
10/31/2025 08:34:22 AM INFO:sigma set to: 10
10/31/2025 08:34:22 AM INFO:net set to: None
10/31/2025 08:34:22 AM INFO:immode set to: vid
10/31/2025 08:34:22 AM INFO:mono set to: False
10/31/2025 08:34:22 AM INFO:mirror set to: False
10/31/2025 08:34:22 AM INFO:norm_method set to: layer
10/31/2025 08:34:22 AM INFO:log_dest set to: ../../logs/dannce_Oct31_2025.log
10/31/2025 08:34:22 AM INFO:loss set to: mask_nan_keep_loss
10/31/2025 08:34:22 AM INFO:huber-delta set to: 1.35
10/31/2025 08:34:22 AM INFO:num_train_per_exp set to: None
10/31/2025 08:34:22 AM INFO:metric set to: ['euclidean_distance_3D']
10/31/2025 08:34:22 AM INFO:lr set to: 0.001
10/31/2025 08:34:22 AM INFO:augment_hue set to: False
10/31/2025 08:34:22 AM INFO:augment_brightness set to: False
10/31/2025 08:34:22 AM INFO:augment_hue_val set to: 0.05
10/31/2025 08:34:22 AM INFO:augment_bright_val set to: 0.05
10/31/2025 08:34:22 AM INFO:augment_rotation_val set to: 5
10/31/2025 08:34:22 AM INFO:data_split_seed set to: None
10/31/2025 08:34:22 AM INFO:valid_exp set to: None
10/31/2025 08:34:22 AM INFO:com_fromlabels set to: False
10/31/2025 08:34:22 AM INFO:medfilt_window set to: None
10/31/2025 08:34:22 AM INFO:new_last_kernel_size set to: [3, 3, 3]
10/31/2025 08:34:22 AM INFO:n_layers_locked set to: 2
10/31/2025 08:34:22 AM INFO:vmin set to: None
10/31/2025 08:34:22 AM INFO:vmax set to: None
10/31/2025 08:34:22 AM INFO:interp set to: nearest
10/31/2025 08:34:22 AM INFO:depth set to: False
10/31/2025 08:34:22 AM INFO:comthresh set to: 0
10/31/2025 08:34:22 AM INFO:weighted set to: False
10/31/2025 08:34:22 AM INFO:com_method set to: median
10/31/2025 08:34:22 AM INFO:cthresh set to: None
10/31/2025 08:34:22 AM INFO:channel_combo set to: None
10/31/2025 08:34:22 AM INFO:predict_mode set to: torch
10/31/2025 08:34:22 AM INFO:n_views set to: 6
10/31/2025 08:34:22 AM INFO:rotate set to: True
10/31/2025 08:34:22 AM INFO:augment_continuous_rotation set to: False
10/31/2025 08:34:22 AM INFO:mirror_augmentation set to: False
10/31/2025 08:34:22 AM INFO:drop_landmark set to: None
10/31/2025 08:34:22 AM INFO:use_npy set to: False
10/31/2025 08:34:22 AM INFO:rand_view_replace set to: True
10/31/2025 08:34:22 AM INFO:n_rand_views set to: 0
10/31/2025 08:34:22 AM INFO:multi_gpu_train set to: False
10/31/2025 08:34:22 AM INFO:heatmap_reg set to: False
10/31/2025 08:34:22 AM INFO:heatmap_reg_coeff set to: 0.01
10/31/2025 08:34:22 AM INFO:save_pred_targets set to: False
10/31/2025 08:34:22 AM INFO:avg+max set to: None
10/31/2025 08:34:22 AM INFO:start_batch set to: 0
10/31/2025 08:34:22 AM INFO:n_channels_in set to: None
10/31/2025 08:34:22 AM INFO:extension set to: None
10/31/2025 08:34:22 AM INFO:vid_dir_flag set to: None
10/31/2025 08:34:22 AM INFO:chunks set to: None
10/31/2025 08:34:22 AM INFO:lockfirst set to: None
10/31/2025 08:34:22 AM INFO:load_valid set to: None
10/31/2025 08:34:22 AM INFO:right_keypoints set to: None
10/31/2025 08:34:22 AM INFO:left_keypoints set to: None
10/31/2025 08:34:22 AM INFO:raw_im_h set to: None
10/31/2025 08:34:22 AM INFO:raw_im_w set to: None
10/31/2025 08:34:22 AM INFO:n_instances set to: 1
10/31/2025 08:34:22 AM INFO:start_sample set to: None
10/31/2025 08:34:22 AM INFO:write_npy set to: None
10/31/2025 08:34:22 AM INFO:slurm_config set to: None
10/31/2025 08:34:22 AM INFO:dannce_predict_model set to: None
10/31/2025 08:34:22 AM INFO:expval set to: None
10/31/2025 08:34:22 AM INFO:com_thresh set to: None
10/31/2025 08:34:22 AM INFO:cam3_train set to: None
10/31/2025 08:34:22 AM INFO:debug_volume_tifdir set to: None
10/31/2025 08:34:22 AM INFO:downfac set to: None
10/31/2025 08:34:22 AM INFO:from_weights set to: None
10/31/2025 08:34:22 AM INFO:dannce_predict_vol_tifdir set to: None
10/31/2025 08:34:22 AM DEBUG:dannce.engine.preprocessing.py.grab_predict_label3d_file Using the following *dannce.mat files: ./com+sum-07-Sep-2023_dannce.mat
10/31/2025 08:34:26 AM INFO:dannce.engine.preprocessing.py.print_and_set Setting vid_dir_flag to True.
10/31/2025 08:34:26 AM INFO:dannce.engine.preprocessing.py.print_and_set Setting extension to .mp4.
10/31/2025 08:34:26 AM INFO:dannce.engine.preprocessing.py.print_and_set Setting chunks to {'Camera1': array([0]), 'Camera2': array([0]), 'Camera3': array([0]), 'Camera4': array([0]), 'Camera5': array([0]), 'Camera6': array([0])}.
10/31/2025 08:34:26 AM INFO:dannce.engine.preprocessing.py.print_and_set Setting n_channels_in to 3.
10/31/2025 08:34:26 AM INFO:dannce.engine.preprocessing.py.print_and_set Setting raw_im_h to 1024.
10/31/2025 08:34:26 AM INFO:dannce.engine.preprocessing.py.print_and_set Setting raw_im_w to 1280.
10/31/2025 08:34:26 AM INFO:dannce.engine.preprocessing.py.print_and_set Setting expval to True.
10/31/2025 08:34:26 AM INFO:dannce.engine.preprocessing.py.print_and_set Setting net to finetune_AVG.
10/31/2025 08:34:26 AM INFO:dannce.engine.preprocessing.py.print_and_set Setting crop_height to [0, 1024].
10/31/2025 08:34:26 AM INFO:dannce.engine.preprocessing.py.print_and_set Setting crop_width to [0, 1280].
10/31/2025 08:34:26 AM INFO:dannce.engine.preprocessing.py.print_and_set Setting maxbatch to 250.
10/31/2025 08:34:26 AM INFO:dannce.engine.preprocessing.py.print_and_set Setting start_batch to 0.
10/31/2025 08:34:26 AM INFO:dannce.engine.preprocessing.py.print_and_set Setting vmin to -90.0.
10/31/2025 08:34:26 AM INFO:dannce.engine.preprocessing.py.print_and_set Setting vmax to 90.0.
10/31/2025 08:34:26 AM INFO:dannce.interface.dannce_train Fine-tuning from ./DANNCE/weights/weights.rat.MAX/weights.rat.MAX.6cam.hdf5
10/31/2025 08:34:26 AM DEBUG:dannce.engine.preprocessing.py.load_expdict Experiment 0 using videos in ./videos
10/31/2025 08:34:28 AM DEBUG:dannce.engine.preprocessing.py.load_expdict Experiment 0 using camnames: ['Camera1', 'Camera2', 'Camera3', 'Camera4', 'Camera5', 'Camera6']
10/31/2025 08:34:28 AM DEBUG:dannce.engine.preprocessing.py.load_expdict {'0_Camera1': array([0]), '0_Camera2': array([0]), '0_Camera3': array([0]), '0_Camera4': array([0]), '0_Camera5': array([0]), '0_Camera6': array([0])}
10/31/2025 08:34:28 AM INFO:dannce.engine.serve_data_DANNCE.prepare_data ./com+sum-07-Sep-2023_dannce.mat
10/31/2025 08:34:36 AM INFO:dannce.interface.do_COM_load Experiment 0 using com3d: ./com+sum-07-Sep-2023_dannce.mat
10/31/2025 08:34:36 AM INFO:dannce.interface.do_COM_load Removed 0 samples from the dataset because they either had COM positions over cthresh, or did not have matching sampleIDs in the COM file
10/31/2025 08:34:36 AM DEBUG:dannce.interface.dannce_train Using 202 samples total.
10/31/2025 08:34:36 AM DEBUG:dannce.interface.dannce_train Using the following cameras: ['Camera1', 'Camera2', 'Camera3', 'Camera4', 'Camera5', 'Camera6']
10/31/2025 08:34:36 AM INFO:dannce.engine.preprocessing.py.make_data_split TRAIN EXPTS: [0]
10/31/2025 08:34:36 AM INFO:None
10/31/2025 08:34:36 AM INFO:None
10/31/2025 08:34:36 AM INFO:dannce.interface.dannce_train Loading training data into memory. This can take a while to seek throughlarge sets of video. This process is much faster if the frame indicesare sorted in ascending order in your label data file.
10/31/2025 08:34:36 AM DEBUG:0
10/31/2025 08:34:36 AM INFO:dannce.engine.video.LoadVideoFrame.load_vid_frame Loading new video: 0.mp4 for 0_Camera1
10/31/2025 08:34:37 AM INFO:dannce.engine.video.LoadVideoFrame.load_vid_frame Loading new video: 0.mp4 for 0_Camera2
10/31/2025 08:34:38 AM INFO:dannce.engine.video.LoadVideoFrame.load_vid_frame Loading new video: 0.mp4 for 0_Camera3
10/31/2025 08:34:39 AM INFO:dannce.engine.video.LoadVideoFrame.load_vid_frame Loading new video: 0.mp4 for 0_Camera4
10/31/2025 08:34:40 AM INFO:dannce.engine.video.LoadVideoFrame.load_vid_frame Loading new video: 0.mp4 for 0_Camera5
10/31/2025 08:34:41 AM INFO:dannce.engine.video.LoadVideoFrame.load_vid_frame Loading new video: 0.mp4 for 0_Camera6
10/31/2025 08:34:42 AM DEBUG:1
10/31/2025 08:34:45 AM DEBUG:2
10/31/2025 08:34:50 AM DEBUG:3
10/31/2025 08:34:54 AM DEBUG:4
10/31/2025 08:34:56 AM DEBUG:5
10/31/2025 08:35:01 AM DEBUG:6
10/31/2025 08:35:04 AM DEBUG:7
10/31/2025 08:35:08 AM DEBUG:8
10/31/2025 08:35:12 AM DEBUG:9
10/31/2025 08:35:16 AM DEBUG:10
10/31/2025 08:35:21 AM DEBUG:11
10/31/2025 08:35:25 AM DEBUG:12
10/31/2025 08:35:30 AM DEBUG:13
10/31/2025 08:35:34 AM DEBUG:14
10/31/2025 08:35:39 AM DEBUG:15
10/31/2025 08:35:42 AM DEBUG:16
10/31/2025 08:35:48 AM DEBUG:17
10/31/2025 08:35:52 AM DEBUG:18
10/31/2025 08:35:57 AM DEBUG:19
10/31/2025 08:36:01 AM DEBUG:20
10/31/2025 08:36:06 AM DEBUG:21
10/31/2025 08:36:12 AM DEBUG:22
10/31/2025 08:36:15 AM DEBUG:23
10/31/2025 08:36:18 AM DEBUG:24
10/31/2025 08:36:24 AM DEBUG:25
10/31/2025 08:36:27 AM DEBUG:26
10/31/2025 08:36:32 AM DEBUG:27
10/31/2025 08:36:36 AM DEBUG:28
10/31/2025 08:36:42 AM DEBUG:29
10/31/2025 08:36:48 AM DEBUG:30
10/31/2025 08:36:54 AM DEBUG:31
10/31/2025 08:36:59 AM DEBUG:32
10/31/2025 08:37:04 AM DEBUG:33
10/31/2025 08:37:08 AM DEBUG:34
10/31/2025 08:37:12 AM DEBUG:35
10/31/2025 08:37:15 AM DEBUG:36
10/31/2025 08:37:20 AM DEBUG:37
10/31/2025 08:37:24 AM DEBUG:38
10/31/2025 08:37:30 AM DEBUG:39
10/31/2025 08:37:35 AM DEBUG:40
10/31/2025 08:37:40 AM DEBUG:41
10/31/2025 08:37:44 AM DEBUG:42
10/31/2025 08:37:47 AM DEBUG:43
10/31/2025 08:37:51 AM DEBUG:44
10/31/2025 08:37:56 AM DEBUG:45
10/31/2025 08:38:01 AM DEBUG:46
10/31/2025 08:38:05 AM DEBUG:47
10/31/2025 08:38:10 AM DEBUG:48
10/31/2025 08:38:15 AM DEBUG:49
10/31/2025 08:38:19 AM DEBUG:50
10/31/2025 08:38:24 AM DEBUG:51
10/31/2025 08:38:29 AM DEBUG:52
10/31/2025 08:38:32 AM DEBUG:53
10/31/2025 08:38:36 AM DEBUG:54
10/31/2025 08:38:40 AM DEBUG:55
10/31/2025 08:38:44 AM DEBUG:56
10/31/2025 08:38:48 AM DEBUG:57
10/31/2025 08:38:51 AM DEBUG:58
10/31/2025 08:38:57 AM DEBUG:59
10/31/2025 08:39:00 AM DEBUG:60
10/31/2025 08:39:04 AM DEBUG:61
10/31/2025 08:39:09 AM DEBUG:62
10/31/2025 08:39:13 AM DEBUG:63
10/31/2025 08:39:18 AM DEBUG:64
10/31/2025 08:39:22 AM DEBUG:65
10/31/2025 08:39:25 AM DEBUG:66
10/31/2025 08:39:31 AM DEBUG:67
10/31/2025 08:39:35 AM DEBUG:68
10/31/2025 08:39:40 AM DEBUG:69
10/31/2025 08:39:45 AM DEBUG:70
10/31/2025 08:39:50 AM DEBUG:71
10/31/2025 08:39:55 AM DEBUG:72
10/31/2025 08:40:02 AM DEBUG:73
10/31/2025 08:40:07 AM DEBUG:74
10/31/2025 08:40:11 AM DEBUG:75
10/31/2025 08:40:13 AM DEBUG:76
10/31/2025 08:40:17 AM DEBUG:77
10/31/2025 08:40:21 AM DEBUG:78
10/31/2025 08:40:25 AM DEBUG:79
10/31/2025 08:40:29 AM DEBUG:80
10/31/2025 08:40:32 AM DEBUG:81
10/31/2025 08:40:36 AM DEBUG:82
10/31/2025 08:40:42 AM DEBUG:83
10/31/2025 08:40:46 AM DEBUG:84
10/31/2025 08:40:50 AM DEBUG:85
10/31/2025 08:40:54 AM DEBUG:86
10/31/2025 08:40:58 AM DEBUG:87
10/31/2025 08:41:02 AM DEBUG:88
10/31/2025 08:41:07 AM DEBUG:89
10/31/2025 08:41:11 AM DEBUG:90
10/31/2025 08:41:16 AM DEBUG:91
10/31/2025 08:41:21 AM DEBUG:92
10/31/2025 08:41:26 AM DEBUG:93
10/31/2025 08:41:32 AM DEBUG:94
10/31/2025 08:41:37 AM DEBUG:95
10/31/2025 08:41:42 AM DEBUG:96
10/31/2025 08:41:46 AM DEBUG:97
10/31/2025 08:41:51 AM DEBUG:98
10/31/2025 08:41:55 AM DEBUG:99
10/31/2025 08:42:01 AM DEBUG:100
10/31/2025 08:42:04 AM DEBUG:101
10/31/2025 08:42:07 AM DEBUG:102
10/31/2025 08:42:12 AM DEBUG:103
10/31/2025 08:42:17 AM DEBUG:104
10/31/2025 08:42:21 AM DEBUG:105
10/31/2025 08:42:24 AM DEBUG:106
10/31/2025 08:42:29 AM DEBUG:107
10/31/2025 08:42:34 AM DEBUG:108
10/31/2025 08:42:38 AM DEBUG:109
10/31/2025 08:42:41 AM DEBUG:110
10/31/2025 08:42:46 AM DEBUG:111
10/31/2025 08:42:50 AM DEBUG:112
10/31/2025 08:42:55 AM DEBUG:113
10/31/2025 08:43:00 AM DEBUG:114
10/31/2025 08:43:06 AM DEBUG:115
10/31/2025 08:43:09 AM DEBUG:116
10/31/2025 08:43:12 AM DEBUG:117
10/31/2025 08:43:16 AM DEBUG:118
10/31/2025 08:43:22 AM DEBUG:119
10/31/2025 08:43:30 AM DEBUG:120
10/31/2025 08:43:37 AM DEBUG:121
10/31/2025 08:43:43 AM DEBUG:122
10/31/2025 08:43:48 AM DEBUG:123
10/31/2025 08:43:54 AM DEBUG:124
10/31/2025 08:43:58 AM DEBUG:125
10/31/2025 08:44:04 AM DEBUG:126
10/31/2025 08:44:07 AM DEBUG:127
10/31/2025 08:44:10 AM DEBUG:128
10/31/2025 08:44:14 AM DEBUG:129
10/31/2025 08:44:20 AM DEBUG:130
10/31/2025 08:44:24 AM DEBUG:131
10/31/2025 08:44:28 AM DEBUG:132
10/31/2025 08:44:35 AM DEBUG:133
10/31/2025 08:44:41 AM DEBUG:134
10/31/2025 08:44:46 AM DEBUG:135
10/31/2025 08:44:50 AM DEBUG:136
10/31/2025 08:44:54 AM DEBUG:137
10/31/2025 08:44:59 AM DEBUG:138
10/31/2025 08:45:03 AM DEBUG:139
10/31/2025 08:45:07 AM DEBUG:140
10/31/2025 08:45:12 AM DEBUG:141
10/31/2025 08:45:17 AM DEBUG:142
10/31/2025 08:45:22 AM DEBUG:143
10/31/2025 08:45:25 AM DEBUG:144
10/31/2025 08:45:29 AM DEBUG:145
10/31/2025 08:45:33 AM DEBUG:146
10/31/2025 08:45:38 AM DEBUG:147
10/31/2025 08:45:40 AM DEBUG:148
10/31/2025 08:45:45 AM DEBUG:149
10/31/2025 08:45:49 AM DEBUG:150
10/31/2025 08:45:54 AM DEBUG:151
10/31/2025 08:45:59 AM DEBUG:152
10/31/2025 08:46:03 AM DEBUG:153
10/31/2025 08:46:06 AM DEBUG:154
10/31/2025 08:46:10 AM DEBUG:155
10/31/2025 08:46:14 AM DEBUG:156
10/31/2025 08:46:19 AM DEBUG:157
10/31/2025 08:46:24 AM DEBUG:158
10/31/2025 08:46:28 AM DEBUG:159
10/31/2025 08:46:34 AM DEBUG:160
10/31/2025 08:46:39 AM DEBUG:161
10/31/2025 08:46:43 AM DEBUG:162
10/31/2025 08:46:48 AM DEBUG:163
10/31/2025 08:46:53 AM DEBUG:164
10/31/2025 08:46:57 AM DEBUG:165
10/31/2025 08:46:59 AM DEBUG:166
10/31/2025 08:47:03 AM DEBUG:167
10/31/2025 08:47:07 AM DEBUG:168
10/31/2025 08:47:10 AM DEBUG:169
10/31/2025 08:47:14 AM DEBUG:170
10/31/2025 08:47:20 AM DEBUG:171
10/31/2025 08:47:23 AM INFO:dannce.interface.dannce_train Loading validation data into memory
10/31/2025 08:47:23 AM DEBUG:0
10/31/2025 08:47:23 AM INFO:dannce.engine.video.LoadVideoFrame.load_vid_frame Loading new video: 0.mp4 for 0_Camera1
10/31/2025 08:47:24 AM INFO:dannce.engine.video.LoadVideoFrame.load_vid_frame Loading new video: 0.mp4 for 0_Camera2
10/31/2025 08:47:25 AM INFO:dannce.engine.video.LoadVideoFrame.load_vid_frame Loading new video: 0.mp4 for 0_Camera3
10/31/2025 08:47:26 AM INFO:dannce.engine.video.LoadVideoFrame.load_vid_frame Loading new video: 0.mp4 for 0_Camera4
10/31/2025 08:47:27 AM INFO:dannce.engine.video.LoadVideoFrame.load_vid_frame Loading new video: 0.mp4 for 0_Camera5
10/31/2025 08:47:28 AM INFO:dannce.engine.video.LoadVideoFrame.load_vid_frame Loading new video: 0.mp4 for 0_Camera6
10/31/2025 08:47:29 AM DEBUG:1
10/31/2025 08:47:32 AM DEBUG:2
10/31/2025 08:47:37 AM DEBUG:3
10/31/2025 08:47:42 AM DEBUG:4
10/31/2025 08:47:47 AM DEBUG:5
10/31/2025 08:47:52 AM DEBUG:6
10/31/2025 08:47:56 AM DEBUG:7
10/31/2025 08:48:01 AM DEBUG:8
10/31/2025 08:48:06 AM DEBUG:9
10/31/2025 08:48:10 AM DEBUG:10
10/31/2025 08:48:16 AM DEBUG:11
10/31/2025 08:48:20 AM DEBUG:12
10/31/2025 08:48:23 AM DEBUG:13
10/31/2025 08:48:29 AM DEBUG:14
10/31/2025 08:48:33 AM DEBUG:15
10/31/2025 08:48:40 AM DEBUG:16
10/31/2025 08:48:45 AM DEBUG:17
10/31/2025 08:48:50 AM DEBUG:18
10/31/2025 08:48:55 AM DEBUG:19
10/31/2025 08:48:59 AM DEBUG:20
10/31/2025 08:49:05 AM DEBUG:21
10/31/2025 08:49:08 AM DEBUG:22
10/31/2025 08:49:13 AM DEBUG:23
10/31/2025 08:49:17 AM DEBUG:24
10/31/2025 08:49:22 AM DEBUG:25
10/31/2025 08:49:27 AM DEBUG:26
10/31/2025 08:49:31 AM DEBUG:27
10/31/2025 08:49:36 AM DEBUG:28
10/31/2025 08:49:41 AM DEBUG:29
10/31/2025 08:49:47 AM INFO:dannce.interface.dannce_train Using default n_rand_views augmentation with 6 views and with replacement
10/31/2025 08:49:47 AM INFO:dannce.interface.dannce_train To disable n_rand_views augmentation, set it to None in the config.
10/31/2025 08:49:47 AM INFO:dannce.interface.dannce_train Initializing Network...
10/31/2025 08:49:54 AM INFO:Using MirroredStrategy with devices ('/job:localhost/replica:0/task:0/device:GPU:0', '/job:localhost/replica:0/task:0/device:GPU:1')
10/31/2025 08:49:54 AM INFO:dannce.interface.dannce_train Number of devices: 2
10/31/2025 08:49:54 AM INFO:dannce.interface.dannce_train NUM CAMERAS: 6
10/31/2025 08:49:54 AM INFO:dannce.engine.nets.norm_fun using layer normalization
10/31/2025 08:49:54 AM INFO:dannce.engine.nets.norm_fun calling layer norm fun
10/31/2025 08:49:54 AM INFO:dannce.engine.nets.norm_fun calling layer norm fun
10/31/2025 08:49:54 AM INFO:dannce.engine.nets.norm_fun calling layer norm fun
10/31/2025 08:49:54 AM INFO:dannce.engine.nets.norm_fun calling layer norm fun
10/31/2025 08:49:54 AM INFO:dannce.engine.nets.norm_fun calling layer norm fun
10/31/2025 08:49:54 AM INFO:dannce.engine.nets.norm_fun calling layer norm fun
10/31/2025 08:49:54 AM INFO:dannce.engine.nets.norm_fun calling layer norm fun
10/31/2025 08:49:54 AM INFO:dannce.engine.nets.norm_fun calling layer norm fun
10/31/2025 08:49:54 AM INFO:dannce.engine.nets.norm_fun calling layer norm fun
10/31/2025 08:49:54 AM INFO:dannce.engine.nets.norm_fun calling layer norm fun
10/31/2025 08:49:54 AM INFO:dannce.engine.nets.norm_fun calling layer norm fun
10/31/2025 08:49:54 AM INFO:dannce.engine.nets.norm_fun calling layer norm fun
10/31/2025 08:49:54 AM INFO:dannce.engine.nets.norm_fun calling layer norm fun
10/31/2025 08:49:54 AM INFO:dannce.engine.nets.norm_fun calling layer norm fun
10/31/2025 08:49:54 AM INFO:Reduce to /job:localhost/replica:0/task:0/device:CPU:0 then broadcast to ('/job:localhost/replica:0/task:0/device:CPU:0',).
10/31/2025 08:49:54 AM INFO:Reduce to /job:localhost/replica:0/task:0/device:CPU:0 then broadcast to ('/job:localhost/replica:0/task:0/device:CPU:0',).
10/31/2025 08:49:54 AM INFO:Reduce to /job:localhost/replica:0/task:0/device:CPU:0 then broadcast to ('/job:localhost/replica:0/task:0/device:CPU:0',).
10/31/2025 08:49:54 AM INFO:Reduce to /job:localhost/replica:0/task:0/device:CPU:0 then broadcast to ('/job:localhost/replica:0/task:0/device:CPU:0',).
10/31/2025 08:49:54 AM INFO:dannce.engine.nets.renameLayers Correcting mismatch in layer name, model: image_input, weights: input_1
10/31/2025 08:49:54 AM INFO:dannce.engine.nets.renameLayers Correcting mismatch in layer name, model: conv3d, weights: conv3d_1
10/31/2025 08:49:54 AM INFO:dannce.engine.nets.renameLayers Correcting mismatch in layer name, model: instance_normalization, weights: instance_normalization_1
10/31/2025 08:49:54 AM INFO:dannce.engine.nets.renameLayers Correcting mismatch in layer name, model: activation, weights: activation_1
10/31/2025 08:49:54 AM INFO:dannce.engine.nets.renameLayers Correcting mismatch in layer name, model: conv3d_1, weights: conv3d_2
10/31/2025 08:49:54 AM INFO:dannce.engine.nets.renameLayers Correcting mismatch in layer name, model: instance_normalization_1, weights: instance_normalization_2
10/31/2025 08:49:54 AM INFO:dannce.engine.nets.renameLayers Correcting mismatch in layer name, model: activation_1, weights: activation_2
10/31/2025 08:49:54 AM INFO:dannce.engine.nets.renameLayers Correcting mismatch in layer name, model: max_pooling3d, weights: max_pooling3d_1
10/31/2025 08:49:54 AM INFO:dannce.engine.nets.renameLayers Correcting mismatch in layer name, model: conv3d_2, weights: conv3d_3
10/31/2025 08:49:54 AM INFO:dannce.engine.nets.renameLayers Correcting mismatch in layer name, model: instance_normalization_2, weights: instance_normalization_3
10/31/2025 08:49:54 AM INFO:dannce.engine.nets.renameLayers Correcting mismatch in layer name, model: activation_2, weights: activation_3
10/31/2025 08:49:54 AM INFO:dannce.engine.nets.renameLayers Correcting mismatch in layer name, model: conv3d_3, weights: conv3d_4
10/31/2025 08:49:54 AM INFO:dannce.engine.nets.renameLayers Correcting mismatch in layer name, model: instance_normalization_3, weights: instance_normalization_4
10/31/2025 08:49:54 AM INFO:dannce.engine.nets.renameLayers Correcting mismatch in layer name, model: activation_3, weights: activation_4
10/31/2025 08:49:54 AM INFO:dannce.engine.nets.renameLayers Correcting mismatch in layer name, model: max_pooling3d_1, weights: max_pooling3d_2
10/31/2025 08:49:54 AM INFO:dannce.engine.nets.renameLayers Correcting mismatch in layer name, model: conv3d_4, weights: conv3d_5
10/31/2025 08:49:54 AM INFO:dannce.engine.nets.renameLayers Correcting mismatch in layer name, model: instance_normalization_4, weights: instance_normalization_5
10/31/2025 08:49:54 AM INFO:dannce.engine.nets.renameLayers Correcting mismatch in layer name, model: activation_4, weights: activation_5
10/31/2025 08:49:54 AM INFO:dannce.engine.nets.renameLayers Correcting mismatch in layer name, model: conv3d_5, weights: conv3d_6
10/31/2025 08:49:54 AM INFO:dannce.engine.nets.renameLayers Correcting mismatch in layer name, model: instance_normalization_5, weights: instance_normalization_6
10/31/2025 08:49:54 AM INFO:dannce.engine.nets.renameLayers Correcting mismatch in layer name, model: activation_5, weights: activation_6
10/31/2025 08:49:54 AM INFO:dannce.engine.nets.renameLayers Correcting mismatch in layer name, model: max_pooling3d_2, weights: max_pooling3d_3
10/31/2025 08:49:54 AM INFO:dannce.engine.nets.renameLayers Correcting mismatch in layer name, model: conv3d_6, weights: conv3d_7
10/31/2025 08:49:54 AM INFO:dannce.engine.nets.renameLayers Correcting mismatch in layer name, model: instance_normalization_6, weights: instance_normalization_7
10/31/2025 08:49:54 AM INFO:dannce.engine.nets.renameLayers Correcting mismatch in layer name, model: activation_6, weights: activation_7
10/31/2025 08:49:54 AM INFO:dannce.engine.nets.renameLayers Correcting mismatch in layer name, model: conv3d_7, weights: conv3d_8
10/31/2025 08:49:54 AM INFO:dannce.engine.nets.renameLayers Correcting mismatch in layer name, model: instance_normalization_7, weights: instance_normalization_8
10/31/2025 08:49:54 AM INFO:dannce.engine.nets.renameLayers Correcting mismatch in layer name, model: activation_7, weights: activation_8
10/31/2025 08:49:54 AM INFO:dannce.engine.nets.renameLayers Correcting mismatch in layer name, model: conv3d_transpose, weights: conv3d_transpose_1
10/31/2025 08:49:54 AM INFO:dannce.engine.nets.renameLayers Correcting mismatch in layer name, model: concatenate, weights: concatenate_1
10/31/2025 08:49:54 AM INFO:dannce.engine.nets.renameLayers Correcting mismatch in layer name, model: conv3d_8, weights: conv3d_9
10/31/2025 08:49:54 AM INFO:dannce.engine.nets.renameLayers Correcting mismatch in layer name, model: instance_normalization_8, weights: instance_normalization_9
10/31/2025 08:49:54 AM INFO:dannce.engine.nets.renameLayers Correcting mismatch in layer name, model: activation_8, weights: activation_9
10/31/2025 08:49:54 AM INFO:dannce.engine.nets.renameLayers Correcting mismatch in layer name, model: conv3d_9, weights: conv3d_10
10/31/2025 08:49:54 AM INFO:dannce.engine.nets.renameLayers Correcting mismatch in layer name, model: instance_normalization_9, weights: instance_normalization_10
10/31/2025 08:49:54 AM INFO:dannce.engine.nets.renameLayers Correcting mismatch in layer name, model: activation_9, weights: activation_10
10/31/2025 08:49:54 AM INFO:dannce.engine.nets.renameLayers Correcting mismatch in layer name, model: conv3d_transpose_1, weights: conv3d_transpose_2
10/31/2025 08:49:54 AM INFO:dannce.engine.nets.renameLayers Correcting mismatch in layer name, model: concatenate_1, weights: concatenate_2
10/31/2025 08:49:54 AM INFO:dannce.engine.nets.renameLayers Correcting mismatch in layer name, model: conv3d_10, weights: conv3d_11
10/31/2025 08:49:54 AM INFO:dannce.engine.nets.renameLayers Correcting mismatch in layer name, model: instance_normalization_10, weights: instance_normalization_11
10/31/2025 08:49:54 AM INFO:dannce.engine.nets.renameLayers Correcting mismatch in layer name, model: activation_10, weights: activation_11
10/31/2025 08:49:54 AM INFO:dannce.engine.nets.renameLayers Correcting mismatch in layer name, model: conv3d_11, weights: conv3d_12
10/31/2025 08:49:54 AM INFO:dannce.engine.nets.renameLayers Correcting mismatch in layer name, model: instance_normalization_11, weights: instance_normalization_12
10/31/2025 08:49:54 AM INFO:dannce.engine.nets.renameLayers Correcting mismatch in layer name, model: activation_11, weights: activation_12
10/31/2025 08:49:54 AM INFO:dannce.engine.nets.renameLayers Correcting mismatch in layer name, model: conv3d_transpose_2, weights: conv3d_transpose_3
10/31/2025 08:49:54 AM INFO:dannce.engine.nets.renameLayers Correcting mismatch in layer name, model: concatenate_2, weights: concatenate_3
10/31/2025 08:49:54 AM INFO:dannce.engine.nets.renameLayers Correcting mismatch in layer name, model: conv3d_12, weights: conv3d_13
10/31/2025 08:49:54 AM INFO:dannce.engine.nets.renameLayers Correcting mismatch in layer name, model: instance_normalization_12, weights: instance_normalization_13
10/31/2025 08:49:54 AM INFO:dannce.engine.nets.renameLayers Correcting mismatch in layer name, model: activation_12, weights: activation_13
10/31/2025 08:49:54 AM INFO:dannce.engine.nets.renameLayers Correcting mismatch in layer name, model: conv3d_13, weights: conv3d_14
10/31/2025 08:49:54 AM INFO:dannce.engine.nets.renameLayers Correcting mismatch in layer name, model: instance_normalization_13, weights: instance_normalization_14
10/31/2025 08:49:54 AM INFO:dannce.engine.nets.renameLayers Correcting mismatch in layer name, model: activation_13, weights: activation_14
10/31/2025 08:49:54 AM DEBUG:Creating converter from 3 to 5
10/31/2025 08:49:55 AM INFO:.finetune_AVG evaluating weight deltas in the first conv layer
10/31/2025 08:49:55 AM INFO:.finetune_AVG pre-weights
10/31/2025 08:49:55 AM INFO:.finetune_AVG 0.0
10/31/2025 08:49:55 AM INFO:.finetune_AVG post-weights
10/31/2025 08:49:55 AM INFO:.finetune_AVG -0.22438465
10/31/2025 08:49:55 AM INFO:.finetune_AVG delta:
10/31/2025 08:49:55 AM INFO:.finetune_AVG 0.22438465
10/31/2025 08:49:55 AM INFO:Reduce to /job:localhost/replica:0/task:0/device:CPU:0 then broadcast to ('/job:localhost/replica:0/task:0/device:CPU:0',).
10/31/2025 08:49:55 AM INFO:Reduce to /job:localhost/replica:0/task:0/device:CPU:0 then broadcast to ('/job:localhost/replica:0/task:0/device:CPU:0',).
10/31/2025 08:49:55 AM INFO:Reduce to /job:localhost/replica:0/task:0/device:CPU:0 then broadcast to ('/job:localhost/replica:0/task:0/device:CPU:0',).
10/31/2025 08:49:55 AM INFO:Reduce to /job:localhost/replica:0/task:0/device:CPU:0 then broadcast to ('/job:localhost/replica:0/task:0/device:CPU:0',).
10/31/2025 08:49:55 AM INFO:dannce.interface.dannce_train COMPLETE

10/31/2025 08:49:55 AM DEBUG:dannce.interface.dannce_train Model Architecture: 
10/31/2025 08:50:10 AM INFO:batch_all_reduce: 62 all-reduces with algorithm = nccl, num_packs = 1
10/31/2025 08:50:11 AM INFO:Reduce to /job:localhost/replica:0/task:0/device:CPU:0 then broadcast to ('/job:localhost/replica:0/task:0/device:CPU:0',).
10/31/2025 08:50:11 AM INFO:Reduce to /job:localhost/replica:0/task:0/device:CPU:0 then broadcast to ('/job:localhost/replica:0/task:0/device:CPU:0',).
10/31/2025 08:50:14 AM INFO:batch_all_reduce: 62 all-reduces with algorithm = nccl, num_packs = 1
10/31/2025 09:00:08 AM DEBUG:Creating converter from 5 to 3
11/01/2025 01:26:31 PM INFO:dannce.interface.dannce_train Renaming weights file with best epoch description
11/01/2025 01:26:31 PM INFO:dannce.interface.dannce_train Saving full model at end of training
11/01/2025 01:26:31 PM INFO:dannce.interface.dannce_train Saving predictions for ./DANNCE/train_results/AVG/weights.435-11.37214.hdf5 and ./DANNCE/train_results/AVG/fullmodel_weights/fullmodel_end.hdf5
11/01/2025 01:26:31 PM INFO:dannce.interface.dannce_train done!
