12/02/2025 03:08:11 AM INFO:com_train_dir set to: ./COM/train_results/
12/02/2025 03:08:11 AM INFO:com_predict_dir set to: ./COM/predict_results/
12/02/2025 03:08:11 AM INFO:com_file set to: ./COM/predict_results/com3d.mat
12/02/2025 03:08:11 AM INFO:com_predict_weights set to: /home/haonan/proj/dannce-release_dev2/demo/sh_test/COM/train_results/weights.170-0.00036.hdf5
12/02/2025 03:08:11 AM INFO:dannce_train_dir set to: ./DANNCE/train_results/MAX/
12/02/2025 03:08:11 AM INFO:dannce_predict_dir set to: ./DANNCE/predict_results/
12/02/2025 03:08:11 AM INFO:gpu_id set to: 2,3
12/02/2025 03:08:11 AM INFO:verbose set to: 1
12/02/2025 03:08:11 AM INFO:exp set to: [{'label3d_file': '/home/haonan/proj/dannce-release_dev2/demo/sh_test/sh_dannce.mat'}]
12/02/2025 03:08:11 AM INFO:io_config set to: io.yaml
12/02/2025 03:08:11 AM INFO:new_n_channels_out set to: 22
12/02/2025 03:08:11 AM INFO:batch_size set to: 4
12/02/2025 03:08:11 AM INFO:epochs set to: 500
12/02/2025 03:08:11 AM INFO:net_type set to: MAX
12/02/2025 03:08:11 AM INFO:train_mode set to: finetune
12/02/2025 03:08:11 AM INFO:num_validation_per_exp set to: 30
12/02/2025 03:08:11 AM INFO:vol_size set to: 180
12/02/2025 03:08:11 AM INFO:nvox set to: 112
12/02/2025 03:08:11 AM INFO:max_num_samples set to: 10000
12/02/2025 03:08:11 AM INFO:dannce_finetune_weights set to: ./DANNCE/weights/weights.rat.MAX/
12/02/2025 03:08:11 AM INFO:log_level set to: DEBUG
12/02/2025 03:08:11 AM INFO:base_config set to: /home/haonan/proj/dannce-release_dev2/configs/dannce_mouse_config.yaml
12/02/2025 03:08:11 AM INFO:viddir set to: videos
12/02/2025 03:08:11 AM INFO:crop_height set to: None
12/02/2025 03:08:11 AM INFO:crop_width set to: None
12/02/2025 03:08:11 AM INFO:camnames set to: None
12/02/2025 03:08:11 AM INFO:n_channels_out set to: 20
12/02/2025 03:08:11 AM INFO:sigma set to: 10
12/02/2025 03:08:11 AM INFO:net set to: None
12/02/2025 03:08:11 AM INFO:immode set to: vid
12/02/2025 03:08:11 AM INFO:mono set to: False
12/02/2025 03:08:11 AM INFO:mirror set to: False
12/02/2025 03:08:11 AM INFO:norm_method set to: layer
12/02/2025 03:08:11 AM INFO:log_dest set to: ../../logs/dannce_Dec02_2025.log
12/02/2025 03:08:11 AM INFO:loss set to: mask_nan_keep_loss
12/02/2025 03:08:11 AM INFO:huber-delta set to: 1.35
12/02/2025 03:08:11 AM INFO:num_train_per_exp set to: None
12/02/2025 03:08:11 AM INFO:metric set to: ['euclidean_distance_3D']
12/02/2025 03:08:11 AM INFO:lr set to: 0.001
12/02/2025 03:08:11 AM INFO:augment_hue set to: False
12/02/2025 03:08:11 AM INFO:augment_brightness set to: False
12/02/2025 03:08:11 AM INFO:augment_hue_val set to: 0.05
12/02/2025 03:08:11 AM INFO:augment_bright_val set to: 0.05
12/02/2025 03:08:11 AM INFO:augment_rotation_val set to: 5
12/02/2025 03:08:11 AM INFO:data_split_seed set to: None
12/02/2025 03:08:11 AM INFO:valid_exp set to: None
12/02/2025 03:08:11 AM INFO:com_fromlabels set to: False
12/02/2025 03:08:11 AM INFO:medfilt_window set to: None
12/02/2025 03:08:11 AM INFO:new_last_kernel_size set to: [3, 3, 3]
12/02/2025 03:08:11 AM INFO:n_layers_locked set to: 2
12/02/2025 03:08:11 AM INFO:vmin set to: None
12/02/2025 03:08:11 AM INFO:vmax set to: None
12/02/2025 03:08:11 AM INFO:interp set to: nearest
12/02/2025 03:08:11 AM INFO:depth set to: False
12/02/2025 03:08:11 AM INFO:comthresh set to: 0
12/02/2025 03:08:11 AM INFO:weighted set to: False
12/02/2025 03:08:11 AM INFO:com_method set to: median
12/02/2025 03:08:11 AM INFO:cthresh set to: None
12/02/2025 03:08:11 AM INFO:channel_combo set to: None
12/02/2025 03:08:11 AM INFO:predict_mode set to: torch
12/02/2025 03:08:11 AM INFO:n_views set to: 6
12/02/2025 03:08:11 AM INFO:rotate set to: True
12/02/2025 03:08:11 AM INFO:augment_continuous_rotation set to: False
12/02/2025 03:08:11 AM INFO:mirror_augmentation set to: False
12/02/2025 03:08:11 AM INFO:drop_landmark set to: None
12/02/2025 03:08:11 AM INFO:use_npy set to: False
12/02/2025 03:08:11 AM INFO:rand_view_replace set to: True
12/02/2025 03:08:11 AM INFO:n_rand_views set to: 0
12/02/2025 03:08:11 AM INFO:multi_gpu_train set to: False
12/02/2025 03:08:11 AM INFO:heatmap_reg set to: False
12/02/2025 03:08:11 AM INFO:heatmap_reg_coeff set to: 0.01
12/02/2025 03:08:11 AM INFO:save_pred_targets set to: False
12/02/2025 03:08:11 AM INFO:avg+max set to: None
12/02/2025 03:08:11 AM INFO:start_batch set to: 0
12/02/2025 03:08:11 AM INFO:n_channels_in set to: None
12/02/2025 03:08:11 AM INFO:extension set to: None
12/02/2025 03:08:11 AM INFO:vid_dir_flag set to: None
12/02/2025 03:08:11 AM INFO:chunks set to: None
12/02/2025 03:08:11 AM INFO:lockfirst set to: None
12/02/2025 03:08:11 AM INFO:load_valid set to: None
12/02/2025 03:08:11 AM INFO:right_keypoints set to: None
12/02/2025 03:08:11 AM INFO:left_keypoints set to: None
12/02/2025 03:08:11 AM INFO:raw_im_h set to: None
12/02/2025 03:08:11 AM INFO:raw_im_w set to: None
12/02/2025 03:08:11 AM INFO:n_instances set to: 1
12/02/2025 03:08:11 AM INFO:start_sample set to: None
12/02/2025 03:08:11 AM INFO:write_npy set to: None
12/02/2025 03:08:11 AM INFO:slurm_config set to: None
12/02/2025 03:08:11 AM INFO:dannce_predict_model set to: None
12/02/2025 03:08:11 AM INFO:expval set to: None
12/02/2025 03:08:11 AM INFO:com_thresh set to: None
12/02/2025 03:08:11 AM INFO:cam3_train set to: None
12/02/2025 03:08:11 AM INFO:debug_volume_tifdir set to: None
12/02/2025 03:08:11 AM INFO:downfac set to: None
12/02/2025 03:08:11 AM INFO:from_weights set to: None
12/02/2025 03:08:11 AM INFO:dannce_predict_vol_tifdir set to: None
12/02/2025 03:08:11 AM DEBUG:dannce.engine.preprocessing.py.grab_predict_label3d_file Using the following *dannce.mat files: ./mouse_val_sh_dannce.mat
12/02/2025 03:08:19 AM INFO:dannce.engine.preprocessing.py.print_and_set Setting vid_dir_flag to True.
12/02/2025 03:08:19 AM INFO:dannce.engine.preprocessing.py.print_and_set Setting extension to .mp4.
12/02/2025 03:08:19 AM INFO:dannce.engine.preprocessing.py.print_and_set Setting chunks to {'Camera1': array([0]), 'Camera2': array([0]), 'Camera3': array([0]), 'Camera4': array([0]), 'Camera5': array([0]), 'Camera6': array([0])}.
12/02/2025 03:08:19 AM INFO:dannce.engine.preprocessing.py.print_and_set Setting n_channels_in to 3.
12/02/2025 03:08:19 AM INFO:dannce.engine.preprocessing.py.print_and_set Setting raw_im_h to 1080.
12/02/2025 03:08:19 AM INFO:dannce.engine.preprocessing.py.print_and_set Setting raw_im_w to 1920.
12/02/2025 03:08:19 AM INFO:dannce.engine.preprocessing.py.print_and_set Setting expval to False.
12/02/2025 03:08:19 AM INFO:dannce.engine.preprocessing.py.print_and_set Setting net to finetune_MAX.
12/02/2025 03:08:19 AM INFO:dannce.engine.preprocessing.py.print_and_set Setting crop_height to [0, 1080].
12/02/2025 03:08:19 AM INFO:dannce.engine.preprocessing.py.print_and_set Setting crop_width to [0, 1920].
12/02/2025 03:08:19 AM INFO:dannce.engine.preprocessing.py.print_and_set Setting maxbatch to 2500.
12/02/2025 03:08:19 AM INFO:dannce.engine.preprocessing.py.print_and_set Setting start_batch to 0.
12/02/2025 03:08:19 AM INFO:dannce.engine.preprocessing.py.print_and_set Setting vmin to -90.0.
12/02/2025 03:08:19 AM INFO:dannce.engine.preprocessing.py.print_and_set Setting vmax to 90.0.
12/02/2025 03:08:19 AM INFO:dannce.interface.dannce_train Fine-tuning from ./DANNCE/weights/weights.rat.MAX/weights.rat.MAX.6cam.hdf5
12/02/2025 03:08:19 AM DEBUG:dannce.engine.preprocessing.py.load_expdict Experiment 0 using videos in /home/haonan/proj/dannce-release_dev2/demo/sh_test/videos
12/02/2025 03:08:20 AM DEBUG:dannce.engine.preprocessing.py.load_expdict Experiment 0 using camnames: ['Camera1', 'Camera2', 'Camera3', 'Camera4', 'Camera5', 'Camera6']
12/02/2025 03:08:20 AM DEBUG:dannce.engine.preprocessing.py.load_expdict {'0_Camera1': array([0]), '0_Camera2': array([0]), '0_Camera3': array([0]), '0_Camera4': array([0]), '0_Camera5': array([0]), '0_Camera6': array([0])}
12/02/2025 03:08:20 AM INFO:dannce.engine.serve_data_DANNCE.prepare_data /home/haonan/proj/dannce-release_dev2/demo/sh_test/sh_dannce.mat
12/02/2025 03:08:25 AM INFO:dannce.interface.do_COM_load Experiment 0 using com3d: /home/haonan/proj/dannce-release_dev2/demo/sh_test/sh_dannce.mat
12/02/2025 03:08:25 AM INFO:dannce.interface.do_COM_load Removed 0 samples from the dataset because they either had COM positions over cthresh, or did not have matching sampleIDs in the COM file
12/02/2025 03:08:25 AM DEBUG:dannce.interface.dannce_train Using 205 samples total.
12/02/2025 03:08:25 AM DEBUG:dannce.interface.dannce_train Using the following cameras: ['Camera1', 'Camera2', 'Camera3', 'Camera4', 'Camera5', 'Camera6']
12/02/2025 03:08:25 AM INFO:dannce.engine.preprocessing.py.make_data_split TRAIN EXPTS: [0]
12/02/2025 03:08:25 AM INFO:None
12/02/2025 03:08:25 AM INFO:None
12/02/2025 03:08:25 AM INFO:dannce.interface.dannce_train Loading training data into memory. This can take a while to seek throughlarge sets of video. This process is much faster if the frame indicesare sorted in ascending order in your label data file.
12/02/2025 03:08:25 AM DEBUG:0
12/02/2025 03:08:25 AM INFO:dannce.engine.video.LoadVideoFrame.load_vid_frame Loading new video: 0.mp4 for 0_Camera1
12/02/2025 03:08:26 AM INFO:dannce.engine.video.LoadVideoFrame.load_vid_frame Loading new video: 0.mp4 for 0_Camera2
12/02/2025 03:08:27 AM INFO:dannce.engine.video.LoadVideoFrame.load_vid_frame Loading new video: 0.mp4 for 0_Camera3
12/02/2025 03:08:27 AM INFO:dannce.engine.video.LoadVideoFrame.load_vid_frame Loading new video: 0.mp4 for 0_Camera4
12/02/2025 03:08:28 AM INFO:dannce.engine.video.LoadVideoFrame.load_vid_frame Loading new video: 0.mp4 for 0_Camera5
12/02/2025 03:08:29 AM INFO:dannce.engine.video.LoadVideoFrame.load_vid_frame Loading new video: 0.mp4 for 0_Camera6
12/02/2025 03:08:30 AM DEBUG:1
12/02/2025 03:08:33 AM DEBUG:2
12/02/2025 03:08:35 AM DEBUG:3
12/02/2025 03:08:38 AM DEBUG:4
12/02/2025 03:08:41 AM DEBUG:5
12/02/2025 03:08:44 AM DEBUG:6
12/02/2025 03:08:46 AM DEBUG:7
12/02/2025 03:08:49 AM DEBUG:8
12/02/2025 03:08:52 AM DEBUG:9
12/02/2025 03:08:55 AM DEBUG:10
12/02/2025 03:08:58 AM DEBUG:11
12/02/2025 03:09:00 AM DEBUG:12
12/02/2025 03:09:03 AM DEBUG:13
12/02/2025 03:09:06 AM DEBUG:14
12/02/2025 03:09:09 AM DEBUG:15
12/02/2025 03:09:11 AM DEBUG:16
12/02/2025 03:09:14 AM DEBUG:17
12/02/2025 03:09:17 AM DEBUG:18
12/02/2025 03:09:19 AM DEBUG:19
12/02/2025 03:09:22 AM DEBUG:20
12/02/2025 03:09:24 AM DEBUG:21
12/02/2025 03:09:27 AM DEBUG:22
12/02/2025 03:09:29 AM DEBUG:23
12/02/2025 03:09:32 AM DEBUG:24
12/02/2025 03:09:35 AM DEBUG:25
12/02/2025 03:09:37 AM DEBUG:26
12/02/2025 03:09:40 AM DEBUG:27
12/02/2025 03:09:42 AM DEBUG:28
12/02/2025 03:09:45 AM DEBUG:29
12/02/2025 03:09:48 AM DEBUG:30
12/02/2025 03:09:50 AM DEBUG:31
12/02/2025 03:09:53 AM DEBUG:32
12/02/2025 03:09:56 AM DEBUG:33
12/02/2025 03:10:00 AM DEBUG:34
12/02/2025 03:10:02 AM DEBUG:35
12/02/2025 03:10:05 AM DEBUG:36
12/02/2025 03:10:07 AM DEBUG:37
12/02/2025 03:10:10 AM DEBUG:38
12/02/2025 03:10:12 AM DEBUG:39
12/02/2025 03:10:15 AM DEBUG:40
12/02/2025 03:10:18 AM DEBUG:41
12/02/2025 03:10:20 AM DEBUG:42
12/02/2025 03:10:23 AM DEBUG:43
12/02/2025 03:10:25 AM DEBUG:44
12/02/2025 03:10:28 AM DEBUG:45
12/02/2025 03:10:31 AM DEBUG:46
12/02/2025 03:10:33 AM DEBUG:47
12/02/2025 03:10:36 AM DEBUG:48
12/02/2025 03:10:38 AM DEBUG:49
12/02/2025 03:10:41 AM DEBUG:50
12/02/2025 03:10:44 AM DEBUG:51
12/02/2025 03:10:46 AM DEBUG:52
12/02/2025 03:10:49 AM DEBUG:53
12/02/2025 03:10:52 AM DEBUG:54
12/02/2025 03:10:54 AM DEBUG:55
12/02/2025 03:10:57 AM DEBUG:56
12/02/2025 03:11:00 AM DEBUG:57
12/02/2025 03:11:02 AM DEBUG:58
12/02/2025 03:11:05 AM DEBUG:59
12/02/2025 03:11:07 AM DEBUG:60
12/02/2025 03:11:10 AM DEBUG:61
12/02/2025 03:11:12 AM DEBUG:62
12/02/2025 03:11:15 AM DEBUG:63
12/02/2025 03:11:17 AM DEBUG:64
12/02/2025 03:11:20 AM DEBUG:65
12/02/2025 03:11:23 AM DEBUG:66
12/02/2025 03:11:26 AM DEBUG:67
12/02/2025 03:11:29 AM DEBUG:68
12/02/2025 03:11:31 AM DEBUG:69
12/02/2025 03:11:34 AM DEBUG:70
12/02/2025 03:11:37 AM DEBUG:71
12/02/2025 03:11:39 AM DEBUG:72
12/02/2025 03:11:42 AM DEBUG:73
12/02/2025 03:11:45 AM DEBUG:74
12/02/2025 03:11:48 AM DEBUG:75
12/02/2025 03:11:50 AM DEBUG:76
12/02/2025 03:11:52 AM DEBUG:77
12/02/2025 03:11:55 AM DEBUG:78
12/02/2025 03:11:58 AM DEBUG:79
12/02/2025 03:12:01 AM DEBUG:80
12/02/2025 03:12:03 AM DEBUG:81
12/02/2025 03:12:05 AM DEBUG:82
12/02/2025 03:12:08 AM DEBUG:83
12/02/2025 03:12:11 AM DEBUG:84
12/02/2025 03:12:13 AM DEBUG:85
12/02/2025 03:12:16 AM DEBUG:86
12/02/2025 03:12:18 AM DEBUG:87
12/02/2025 03:12:21 AM DEBUG:88
12/02/2025 03:12:23 AM DEBUG:89
12/02/2025 03:12:26 AM DEBUG:90
12/02/2025 03:12:28 AM DEBUG:91
12/02/2025 03:12:31 AM DEBUG:92
12/02/2025 03:12:33 AM DEBUG:93
12/02/2025 03:12:36 AM DEBUG:94
12/02/2025 03:12:38 AM DEBUG:95
12/02/2025 03:12:41 AM DEBUG:96
12/02/2025 03:12:43 AM DEBUG:97
12/02/2025 03:12:46 AM DEBUG:98
12/02/2025 03:12:49 AM DEBUG:99
12/02/2025 03:12:51 AM DEBUG:100
12/02/2025 03:12:54 AM DEBUG:101
12/02/2025 03:12:56 AM DEBUG:102
12/02/2025 03:12:59 AM DEBUG:103
12/02/2025 03:13:02 AM DEBUG:104
12/02/2025 03:13:04 AM DEBUG:105
12/02/2025 03:13:07 AM DEBUG:106
12/02/2025 03:13:09 AM DEBUG:107
12/02/2025 03:13:12 AM DEBUG:108
12/02/2025 03:13:15 AM DEBUG:109
12/02/2025 03:13:17 AM DEBUG:110
12/02/2025 03:13:20 AM DEBUG:111
12/02/2025 03:13:22 AM DEBUG:112
12/02/2025 03:13:24 AM DEBUG:113
12/02/2025 03:13:27 AM DEBUG:114
12/02/2025 03:13:29 AM DEBUG:115
12/02/2025 03:13:32 AM DEBUG:116
12/02/2025 03:13:34 AM DEBUG:117
12/02/2025 03:13:37 AM DEBUG:118
12/02/2025 03:13:39 AM DEBUG:119
12/02/2025 03:13:42 AM DEBUG:120
12/02/2025 03:13:45 AM DEBUG:121
12/02/2025 03:13:47 AM DEBUG:122
12/02/2025 03:13:50 AM DEBUG:123
12/02/2025 03:13:53 AM DEBUG:124
12/02/2025 03:13:55 AM DEBUG:125
12/02/2025 03:13:57 AM DEBUG:126
12/02/2025 03:14:00 AM DEBUG:127
12/02/2025 03:14:02 AM DEBUG:128
12/02/2025 03:14:05 AM DEBUG:129
12/02/2025 03:14:07 AM DEBUG:130
12/02/2025 03:14:09 AM DEBUG:131
12/02/2025 03:14:12 AM DEBUG:132
12/02/2025 03:14:14 AM DEBUG:133
12/02/2025 03:14:17 AM DEBUG:134
12/02/2025 03:14:19 AM DEBUG:135
12/02/2025 03:14:22 AM DEBUG:136
12/02/2025 03:14:24 AM DEBUG:137
12/02/2025 03:14:27 AM DEBUG:138
12/02/2025 03:14:29 AM DEBUG:139
12/02/2025 03:14:32 AM DEBUG:140
12/02/2025 03:14:34 AM DEBUG:141
12/02/2025 03:14:36 AM DEBUG:142
12/02/2025 03:14:39 AM DEBUG:143
12/02/2025 03:14:41 AM DEBUG:144
12/02/2025 03:14:43 AM DEBUG:145
12/02/2025 03:14:46 AM DEBUG:146
12/02/2025 03:14:48 AM DEBUG:147
12/02/2025 03:14:50 AM DEBUG:148
12/02/2025 03:14:53 AM DEBUG:149
12/02/2025 03:14:55 AM DEBUG:150
12/02/2025 03:14:58 AM DEBUG:151
12/02/2025 03:15:01 AM DEBUG:152
12/02/2025 03:15:03 AM DEBUG:153
12/02/2025 03:15:06 AM DEBUG:154
12/02/2025 03:15:08 AM DEBUG:155
12/02/2025 03:15:11 AM DEBUG:156
12/02/2025 03:15:14 AM DEBUG:157
12/02/2025 03:15:16 AM DEBUG:158
12/02/2025 03:15:18 AM DEBUG:159
12/02/2025 03:15:21 AM DEBUG:160
12/02/2025 03:15:23 AM DEBUG:161
12/02/2025 03:15:26 AM DEBUG:162
12/02/2025 03:15:28 AM DEBUG:163
12/02/2025 03:15:31 AM DEBUG:164
12/02/2025 03:15:34 AM DEBUG:165
12/02/2025 03:15:36 AM DEBUG:166
12/02/2025 03:15:39 AM DEBUG:167
12/02/2025 03:15:41 AM DEBUG:168
12/02/2025 03:15:44 AM DEBUG:169
12/02/2025 03:15:46 AM DEBUG:170
12/02/2025 03:15:49 AM DEBUG:171
12/02/2025 03:15:51 AM DEBUG:172
12/02/2025 03:15:54 AM DEBUG:173
12/02/2025 03:15:56 AM DEBUG:174
12/02/2025 03:15:59 AM INFO:dannce.interface.dannce_train Loading validation data into memory
12/02/2025 03:15:59 AM DEBUG:0
12/02/2025 03:15:59 AM INFO:dannce.engine.video.LoadVideoFrame.load_vid_frame Loading new video: 0.mp4 for 0_Camera1
12/02/2025 03:16:00 AM INFO:dannce.engine.video.LoadVideoFrame.load_vid_frame Loading new video: 0.mp4 for 0_Camera2
12/02/2025 03:16:01 AM INFO:dannce.engine.video.LoadVideoFrame.load_vid_frame Loading new video: 0.mp4 for 0_Camera3
12/02/2025 03:16:01 AM INFO:dannce.engine.video.LoadVideoFrame.load_vid_frame Loading new video: 0.mp4 for 0_Camera4
12/02/2025 03:16:02 AM INFO:dannce.engine.video.LoadVideoFrame.load_vid_frame Loading new video: 0.mp4 for 0_Camera5
12/02/2025 03:16:02 AM INFO:dannce.engine.video.LoadVideoFrame.load_vid_frame Loading new video: 0.mp4 for 0_Camera6
12/02/2025 03:16:03 AM DEBUG:1
12/02/2025 03:16:06 AM DEBUG:2
12/02/2025 03:16:08 AM DEBUG:3
12/02/2025 03:16:10 AM DEBUG:4
12/02/2025 03:16:13 AM DEBUG:5
12/02/2025 03:16:15 AM DEBUG:6
12/02/2025 03:16:18 AM DEBUG:7
12/02/2025 03:16:20 AM DEBUG:8
12/02/2025 03:16:23 AM DEBUG:9
12/02/2025 03:16:25 AM DEBUG:10
12/02/2025 03:16:28 AM DEBUG:11
12/02/2025 03:16:31 AM DEBUG:12
12/02/2025 03:16:33 AM DEBUG:13
12/02/2025 03:16:35 AM DEBUG:14
12/02/2025 03:16:38 AM DEBUG:15
12/02/2025 03:16:40 AM DEBUG:16
12/02/2025 03:16:43 AM DEBUG:17
12/02/2025 03:16:45 AM DEBUG:18
12/02/2025 03:16:48 AM DEBUG:19
12/02/2025 03:16:50 AM DEBUG:20
12/02/2025 03:16:53 AM DEBUG:21
12/02/2025 03:16:55 AM DEBUG:22
12/02/2025 03:16:57 AM DEBUG:23
12/02/2025 03:17:00 AM DEBUG:24
12/02/2025 03:17:02 AM DEBUG:25
12/02/2025 03:17:05 AM DEBUG:26
12/02/2025 03:17:07 AM DEBUG:27
12/02/2025 03:17:10 AM DEBUG:28
12/02/2025 03:17:12 AM DEBUG:29
12/02/2025 03:17:15 AM INFO:dannce.interface.dannce_train Using default n_rand_views augmentation with 6 views and with replacement
12/02/2025 03:17:15 AM INFO:dannce.interface.dannce_train To disable n_rand_views augmentation, set it to None in the config.
12/02/2025 03:17:15 AM INFO:dannce.interface.dannce_train Initializing Network...
12/02/2025 03:17:21 AM INFO:Using MirroredStrategy with devices ('/job:localhost/replica:0/task:0/device:GPU:0', '/job:localhost/replica:0/task:0/device:GPU:1')
12/02/2025 03:17:21 AM INFO:dannce.interface.dannce_train Number of devices: 2
12/02/2025 03:17:21 AM INFO:dannce.interface.dannce_train NUM CAMERAS: 6
12/02/2025 03:17:21 AM INFO:dannce.engine.nets.norm_fun using layer normalization
12/02/2025 03:17:22 AM INFO:dannce.engine.nets.norm_fun calling layer norm fun
12/02/2025 03:17:22 AM INFO:dannce.engine.nets.norm_fun calling layer norm fun
12/02/2025 03:17:22 AM INFO:dannce.engine.nets.norm_fun calling layer norm fun
12/02/2025 03:17:22 AM INFO:dannce.engine.nets.norm_fun calling layer norm fun
12/02/2025 03:17:22 AM INFO:dannce.engine.nets.norm_fun calling layer norm fun
12/02/2025 03:17:22 AM INFO:dannce.engine.nets.norm_fun calling layer norm fun
12/02/2025 03:17:22 AM INFO:dannce.engine.nets.norm_fun calling layer norm fun
12/02/2025 03:17:22 AM INFO:dannce.engine.nets.norm_fun calling layer norm fun
12/02/2025 03:17:22 AM INFO:dannce.engine.nets.norm_fun calling layer norm fun
12/02/2025 03:17:22 AM INFO:dannce.engine.nets.norm_fun calling layer norm fun
12/02/2025 03:17:22 AM INFO:dannce.engine.nets.norm_fun calling layer norm fun
12/02/2025 03:17:22 AM INFO:dannce.engine.nets.norm_fun calling layer norm fun
12/02/2025 03:17:22 AM INFO:dannce.engine.nets.norm_fun calling layer norm fun
12/02/2025 03:17:22 AM INFO:dannce.engine.nets.norm_fun calling layer norm fun
12/02/2025 03:17:22 AM INFO:Reduce to /job:localhost/replica:0/task:0/device:CPU:0 then broadcast to ('/job:localhost/replica:0/task:0/device:CPU:0',).
12/02/2025 03:17:22 AM INFO:Reduce to /job:localhost/replica:0/task:0/device:CPU:0 then broadcast to ('/job:localhost/replica:0/task:0/device:CPU:0',).
12/02/2025 03:17:22 AM INFO:Reduce to /job:localhost/replica:0/task:0/device:CPU:0 then broadcast to ('/job:localhost/replica:0/task:0/device:CPU:0',).
12/02/2025 03:17:22 AM INFO:Reduce to /job:localhost/replica:0/task:0/device:CPU:0 then broadcast to ('/job:localhost/replica:0/task:0/device:CPU:0',).
12/02/2025 03:17:22 AM INFO:dannce.engine.nets.renameLayers Correcting mismatch in layer name, model: conv3d, weights: conv3d_1
12/02/2025 03:17:22 AM INFO:dannce.engine.nets.renameLayers Correcting mismatch in layer name, model: instance_normalization, weights: instance_normalization_1
12/02/2025 03:17:22 AM INFO:dannce.engine.nets.renameLayers Correcting mismatch in layer name, model: activation, weights: activation_1
12/02/2025 03:17:22 AM INFO:dannce.engine.nets.renameLayers Correcting mismatch in layer name, model: conv3d_1, weights: conv3d_2
12/02/2025 03:17:22 AM INFO:dannce.engine.nets.renameLayers Correcting mismatch in layer name, model: instance_normalization_1, weights: instance_normalization_2
12/02/2025 03:17:22 AM INFO:dannce.engine.nets.renameLayers Correcting mismatch in layer name, model: activation_1, weights: activation_2
12/02/2025 03:17:22 AM INFO:dannce.engine.nets.renameLayers Correcting mismatch in layer name, model: max_pooling3d, weights: max_pooling3d_1
12/02/2025 03:17:22 AM INFO:dannce.engine.nets.renameLayers Correcting mismatch in layer name, model: conv3d_2, weights: conv3d_3
12/02/2025 03:17:22 AM INFO:dannce.engine.nets.renameLayers Correcting mismatch in layer name, model: instance_normalization_2, weights: instance_normalization_3
12/02/2025 03:17:22 AM INFO:dannce.engine.nets.renameLayers Correcting mismatch in layer name, model: activation_2, weights: activation_3
12/02/2025 03:17:22 AM INFO:dannce.engine.nets.renameLayers Correcting mismatch in layer name, model: conv3d_3, weights: conv3d_4
12/02/2025 03:17:22 AM INFO:dannce.engine.nets.renameLayers Correcting mismatch in layer name, model: instance_normalization_3, weights: instance_normalization_4
12/02/2025 03:17:22 AM INFO:dannce.engine.nets.renameLayers Correcting mismatch in layer name, model: activation_3, weights: activation_4
12/02/2025 03:17:22 AM INFO:dannce.engine.nets.renameLayers Correcting mismatch in layer name, model: max_pooling3d_1, weights: max_pooling3d_2
12/02/2025 03:17:22 AM INFO:dannce.engine.nets.renameLayers Correcting mismatch in layer name, model: conv3d_4, weights: conv3d_5
12/02/2025 03:17:22 AM INFO:dannce.engine.nets.renameLayers Correcting mismatch in layer name, model: instance_normalization_4, weights: instance_normalization_5
12/02/2025 03:17:22 AM INFO:dannce.engine.nets.renameLayers Correcting mismatch in layer name, model: activation_4, weights: activation_5
12/02/2025 03:17:22 AM INFO:dannce.engine.nets.renameLayers Correcting mismatch in layer name, model: conv3d_5, weights: conv3d_6
12/02/2025 03:17:22 AM INFO:dannce.engine.nets.renameLayers Correcting mismatch in layer name, model: instance_normalization_5, weights: instance_normalization_6
12/02/2025 03:17:22 AM INFO:dannce.engine.nets.renameLayers Correcting mismatch in layer name, model: activation_5, weights: activation_6
12/02/2025 03:17:22 AM INFO:dannce.engine.nets.renameLayers Correcting mismatch in layer name, model: max_pooling3d_2, weights: max_pooling3d_3
12/02/2025 03:17:22 AM INFO:dannce.engine.nets.renameLayers Correcting mismatch in layer name, model: conv3d_6, weights: conv3d_7
12/02/2025 03:17:22 AM INFO:dannce.engine.nets.renameLayers Correcting mismatch in layer name, model: instance_normalization_6, weights: instance_normalization_7
12/02/2025 03:17:22 AM INFO:dannce.engine.nets.renameLayers Correcting mismatch in layer name, model: activation_6, weights: activation_7
12/02/2025 03:17:22 AM INFO:dannce.engine.nets.renameLayers Correcting mismatch in layer name, model: conv3d_7, weights: conv3d_8
12/02/2025 03:17:22 AM INFO:dannce.engine.nets.renameLayers Correcting mismatch in layer name, model: instance_normalization_7, weights: instance_normalization_8
12/02/2025 03:17:22 AM INFO:dannce.engine.nets.renameLayers Correcting mismatch in layer name, model: activation_7, weights: activation_8
12/02/2025 03:17:22 AM INFO:dannce.engine.nets.renameLayers Correcting mismatch in layer name, model: conv3d_transpose, weights: conv3d_transpose_1
12/02/2025 03:17:22 AM INFO:dannce.engine.nets.renameLayers Correcting mismatch in layer name, model: concatenate, weights: concatenate_1
12/02/2025 03:17:22 AM INFO:dannce.engine.nets.renameLayers Correcting mismatch in layer name, model: conv3d_8, weights: conv3d_9
12/02/2025 03:17:22 AM INFO:dannce.engine.nets.renameLayers Correcting mismatch in layer name, model: instance_normalization_8, weights: instance_normalization_9
12/02/2025 03:17:22 AM INFO:dannce.engine.nets.renameLayers Correcting mismatch in layer name, model: activation_8, weights: activation_9
12/02/2025 03:17:22 AM INFO:dannce.engine.nets.renameLayers Correcting mismatch in layer name, model: conv3d_9, weights: conv3d_10
12/02/2025 03:17:22 AM INFO:dannce.engine.nets.renameLayers Correcting mismatch in layer name, model: instance_normalization_9, weights: instance_normalization_10
12/02/2025 03:17:22 AM INFO:dannce.engine.nets.renameLayers Correcting mismatch in layer name, model: activation_9, weights: activation_10
12/02/2025 03:17:22 AM INFO:dannce.engine.nets.renameLayers Correcting mismatch in layer name, model: conv3d_transpose_1, weights: conv3d_transpose_2
12/02/2025 03:17:22 AM INFO:dannce.engine.nets.renameLayers Correcting mismatch in layer name, model: concatenate_1, weights: concatenate_2
12/02/2025 03:17:22 AM INFO:dannce.engine.nets.renameLayers Correcting mismatch in layer name, model: conv3d_10, weights: conv3d_11
12/02/2025 03:17:22 AM INFO:dannce.engine.nets.renameLayers Correcting mismatch in layer name, model: instance_normalization_10, weights: instance_normalization_11
12/02/2025 03:17:22 AM INFO:dannce.engine.nets.renameLayers Correcting mismatch in layer name, model: activation_10, weights: activation_11
12/02/2025 03:17:22 AM INFO:dannce.engine.nets.renameLayers Correcting mismatch in layer name, model: conv3d_11, weights: conv3d_12
12/02/2025 03:17:22 AM INFO:dannce.engine.nets.renameLayers Correcting mismatch in layer name, model: instance_normalization_11, weights: instance_normalization_12
12/02/2025 03:17:22 AM INFO:dannce.engine.nets.renameLayers Correcting mismatch in layer name, model: activation_11, weights: activation_12
12/02/2025 03:17:22 AM INFO:dannce.engine.nets.renameLayers Correcting mismatch in layer name, model: conv3d_transpose_2, weights: conv3d_transpose_3
12/02/2025 03:17:22 AM INFO:dannce.engine.nets.renameLayers Correcting mismatch in layer name, model: concatenate_2, weights: concatenate_3
12/02/2025 03:17:22 AM INFO:dannce.engine.nets.renameLayers Correcting mismatch in layer name, model: conv3d_12, weights: conv3d_13
12/02/2025 03:17:22 AM INFO:dannce.engine.nets.renameLayers Correcting mismatch in layer name, model: instance_normalization_12, weights: instance_normalization_13
12/02/2025 03:17:22 AM INFO:dannce.engine.nets.renameLayers Correcting mismatch in layer name, model: activation_12, weights: activation_13
12/02/2025 03:17:22 AM INFO:dannce.engine.nets.renameLayers Correcting mismatch in layer name, model: conv3d_13, weights: conv3d_14
12/02/2025 03:17:22 AM INFO:dannce.engine.nets.renameLayers Correcting mismatch in layer name, model: instance_normalization_13, weights: instance_normalization_14
12/02/2025 03:17:22 AM INFO:dannce.engine.nets.renameLayers Correcting mismatch in layer name, model: activation_13, weights: activation_14
12/02/2025 03:17:22 AM DEBUG:Creating converter from 3 to 5
12/02/2025 03:17:22 AM INFO:Reduce to /job:localhost/replica:0/task:0/device:CPU:0 then broadcast to ('/job:localhost/replica:0/task:0/device:CPU:0',).
12/02/2025 03:17:22 AM INFO:Reduce to /job:localhost/replica:0/task:0/device:CPU:0 then broadcast to ('/job:localhost/replica:0/task:0/device:CPU:0',).
12/02/2025 03:17:22 AM INFO:Reduce to /job:localhost/replica:0/task:0/device:CPU:0 then broadcast to ('/job:localhost/replica:0/task:0/device:CPU:0',).
12/02/2025 03:17:22 AM INFO:Reduce to /job:localhost/replica:0/task:0/device:CPU:0 then broadcast to ('/job:localhost/replica:0/task:0/device:CPU:0',).
12/02/2025 03:17:22 AM INFO:dannce.interface.dannce_train COMPLETE

12/02/2025 03:17:22 AM DEBUG:dannce.interface.dannce_train Model Architecture: 
12/02/2025 03:17:31 AM INFO:batch_all_reduce: 62 all-reduces with algorithm = nccl, num_packs = 1
12/02/2025 03:17:31 AM INFO:Reduce to /job:localhost/replica:0/task:0/device:CPU:0 then broadcast to ('/job:localhost/replica:0/task:0/device:CPU:0',).
12/02/2025 03:17:31 AM INFO:Reduce to /job:localhost/replica:0/task:0/device:CPU:0 then broadcast to ('/job:localhost/replica:0/task:0/device:CPU:0',).
12/02/2025 03:17:34 AM INFO:batch_all_reduce: 62 all-reduces with algorithm = nccl, num_packs = 1
12/02/2025 03:34:04 AM DEBUG:Creating converter from 5 to 3
